Component: ARM Compiler 5.05 update 1 (build 106) Tool: armlink [4d0efa]

==============================================================================

Section Cross References

    os_app_hooks.o(i.App_OS_ClrAllHooks) refers to cpu_a.o(.text) for CPU_SR_Save
    os_app_hooks.o(i.App_OS_ClrAllHooks) refers to os_var.o(.data) for OS_AppTaskCreateHookPtr
    os_app_hooks.o(i.App_OS_SetAllHooks) refers to cpu_a.o(.text) for CPU_SR_Save
    os_app_hooks.o(i.App_OS_SetAllHooks) refers to os_app_hooks.o(i.App_OS_TaskCreateHook) for App_OS_TaskCreateHook
    os_app_hooks.o(i.App_OS_SetAllHooks) refers to os_var.o(.data) for OS_AppTaskCreateHookPtr
    os_app_hooks.o(i.App_OS_SetAllHooks) refers to os_app_hooks.o(i.App_OS_TaskDelHook) for App_OS_TaskDelHook
    os_app_hooks.o(i.App_OS_SetAllHooks) refers to os_app_hooks.o(i.App_OS_TaskReturnHook) for App_OS_TaskReturnHook
    os_app_hooks.o(i.App_OS_SetAllHooks) refers to os_app_hooks.o(i.App_OS_IdleTaskHook) for App_OS_IdleTaskHook
    os_app_hooks.o(i.App_OS_SetAllHooks) refers to os_app_hooks.o(i.App_OS_StatTaskHook) for App_OS_StatTaskHook
    os_app_hooks.o(i.App_OS_SetAllHooks) refers to os_app_hooks.o(i.App_OS_TaskSwHook) for App_OS_TaskSwHook
    os_app_hooks.o(i.App_OS_SetAllHooks) refers to os_app_hooks.o(i.App_OS_TimeTickHook) for App_OS_TimeTickHook
    os_app_hooks.o(i.App_OS_TimeTickHook) refers to cpal_i2c.o(i.CPAL_I2C_TIMEOUT_Manager) for CPAL_I2C_TIMEOUT_Manager
    globalvariable.o(i.Get_dt) refers to cpu_core.o(i.CPU_TS_Get32) for CPU_TS_Get32
    globalvariable.o(i.Get_dt) refers to ffltul.o(.text) for __aeabi_ul2f
    app.o(i.AppObjCreate) refers to bsp_os.o(i.BSP_OS_SemCreate) for BSP_OS_SemCreate
    app.o(i.AppObjCreate) refers to bsp_ser.o(i.BSP_Ser_Printf) for BSP_Ser_Printf
    app.o(i.AppObjCreate) refers to globalvariable.o(.bss) for Sem_SerPrintUpdate
    app.o(i.AppTaskCreate) refers to esccalibratetask.o(i.ESCCalibrateTaskCreate) for ESCCalibrateTaskCreate
    app.o(i.AppTaskCreate) refers to bsp_os.o(i.BSP_OS_TimeDlyMs) for BSP_OS_TimeDlyMs
    app.o(i.AppTaskCreate) refers to statechecktask.o(i.StateCheckTaskCreate) for StateCheckTaskCreate
    app.o(i.AppTaskCreate) refers to rctask.o(i.RCTaskCreate) for RCTaskCreate
    app.o(i.AppTaskCreate) refers to controltask.o(i.ControlTaskCreate) for ControlTaskCreate
    app.o(i.AppTaskCreate) refers to poscontroltask.o(i.PosControlTaskCreate) for PosControlTaskCreate
    app.o(i.AppTaskCreate) refers to attitudetask.o(i.AttitudeTaskCreate) for AttitudeTaskCreate
    app.o(i.AppTaskCreate) refers to acccalibratetask.o(i.AccCalibrateTaskCreate) for AccCalibrateTaskCreate
    app.o(i.AppTaskCreate) refers to commtask.o(i.CommTaskCreate) for CommTaskCreate
    app.o(i.AppTaskCreate) refers to serprinttask.o(i.PrintfTaskCreate) for PrintfTaskCreate
    app.o(i.AppTaskCreate) refers to navigatetask.o(i.NavigateTaskCreate) for NavigateTaskCreate
    app.o(i.AppTaskCreate) refers to globalvariable.o(.data) for g_Flag_ESC_Calibrated
    app.o(i.AppTaskStart) refers to os_app_hooks.o(i.App_OS_SetAllHooks) for App_OS_SetAllHooks
    app.o(i.AppTaskStart) refers to cordic.o(i.CORDIC_Init) for CORDIC_Init
    app.o(i.AppTaskStart) refers to bsp.o(i.BSP_Init) for BSP_Init
    app.o(i.AppTaskStart) refers to bsp.o(i.BSP_Tick_Init) for BSP_Tick_Init
    app.o(i.AppTaskStart) refers to os_stat.o(i.OSStatTaskCPUUsageInit) for OSStatTaskCPUUsageInit
    app.o(i.AppTaskStart) refers to bsp_pwm.o(i.BSP_PWM_Init) for BSP_PWM_Init
    app.o(i.AppTaskStart) refers to bsp_pwm2.o(i.BSP_PWM2_Init) for BSP_PWM2_Init
    app.o(i.AppTaskStart) refers to bsp_pwm_in.o(i.BSP_PWM_IN_InitTimer) for BSP_PWM_IN_InitTimer
    app.o(i.AppTaskStart) refers to bsp_ser.o(i.BSP_Ser_Init) for BSP_Ser_Init
    app.o(i.AppTaskStart) refers to bsp_usart2.o(i.BSP_USART2_Init) for BSP_USART2_Init
    app.o(i.AppTaskStart) refers to bsp_iic3.o(i.BSP_I2C3_Init) for BSP_I2C3_Init
    app.o(i.AppTaskStart) refers to bsp.o(i.BSP_LED_Off) for BSP_LED_Off
    app.o(i.AppTaskStart) refers to bsp_ser.o(i.BSP_Ser_Printf) for BSP_Ser_Printf
    app.o(i.AppTaskStart) refers to app.o(i.AppObjCreate) for AppObjCreate
    app.o(i.AppTaskStart) refers to app.o(i.AppTaskCreate) for AppTaskCreate
    app.o(i.AppTaskStart) refers to bsp_os.o(i.BSP_OS_TimeDlyMs) for BSP_OS_TimeDlyMs
    app.o(i.main) refers to bsp_int.o(i.BSP_IntDisAll) for BSP_IntDisAll
    app.o(i.main) refers to cpu_core.o(i.CPU_Init) for CPU_Init
    app.o(i.main) refers to lib_mem.o(i.Mem_Init) for Mem_Init
    app.o(i.main) refers to lib_math.o(i.Math_Init) for Math_Init
    app.o(i.main) refers to os_core.o(i.OSInit) for OSInit
    app.o(i.main) refers to os_task.o(i.OSTaskCreate) for OSTaskCreate
    app.o(i.main) refers to os_core.o(i.OSStart) for OSStart
    app.o(i.main) refers to app.o(.bss) for AppTaskStartStk
    app.o(i.main) refers to app.o(i.AppTaskStart) for AppTaskStart
[...]
    OSCfg_TmrTaskStkSize                     0x08015968   Data           4  os_cfg_app.o(.constdata)
    OSCfg_TmrTaskStkSizeRAM                  0x0801596c   Data           4  os_cfg_app.o(.constdata)
    OSCfg_DataSizeRAM                        0x08015970   Data           4  os_cfg_app.o(.constdata)
    OSDbg_DbgEn                              0x08015974   Data           1  os_dbg.o(.constdata)
    OSDbg_ArgChkEn                           0x08015975   Data           1  os_dbg.o(.constdata)
    OSDbg_AppHooksEn                         0x08015976   Data           1  os_dbg.o(.constdata)
    OSDbg_EndiannessTest                     0x08015978   Data           4  os_dbg.o(.constdata)
    OSDbg_CalledFromISRChkEn                 0x0801597c   Data           1  os_dbg.o(.constdata)
    OSDbg_FlagEn                             0x0801597d   Data           1  os_dbg.o(.constdata)
    OSDbg_FlagGrp                            0x08015980   Data          40  os_dbg.o(.constdata)
    OSDbg_FlagDelEn                          0x080159a8   Data           1  os_dbg.o(.constdata)
    OSDbg_FlagModeClrEn                      0x080159a9   Data           1  os_dbg.o(.constdata)
    OSDbg_FlagPendAbortEn                    0x080159aa   Data           1  os_dbg.o(.constdata)
    OSDbg_FlagGrpSize                        0x080159ac   Data           2  os_dbg.o(.constdata)
    OSDbg_FlagWidth                          0x080159ae   Data           2  os_dbg.o(.constdata)
    OSDbg_IntQ                               0x080159b0   Data           2  os_dbg.o(.constdata)
    OSDbg_ISRPostDeferredEn                  0x080159b2   Data           1  os_dbg.o(.constdata)
    OSDbg_Mem                                0x080159b4   Data          32  os_dbg.o(.constdata)
    OSDbg_MemEn                              0x080159d4   Data           1  os_dbg.o(.constdata)
    OSDbg_MemSize                            0x080159d6   Data           2  os_dbg.o(.constdata)
    OSDbg_MsgEn                              0x080159d8   Data           1  os_dbg.o(.constdata)
    OSDbg_MsgSize                            0x080159da   Data           2  os_dbg.o(.constdata)
    OSDbg_MsgPoolSize                        0x080159dc   Data           2  os_dbg.o(.constdata)
    OSDbg_MsgQSize                           0x080159de   Data           2  os_dbg.o(.constdata)
    OSDbg_Mutex                              0x080159e0   Data          48  os_dbg.o(.constdata)
    OSDbg_MutexEn                            0x08015a10   Data           1  os_dbg.o(.constdata)
    OSDbg_MutexDelEn                         0x08015a11   Data           1  os_dbg.o(.constdata)
    OSDbg_MutexPendAbortEn                   0x08015a12   Data           1  os_dbg.o(.constdata)
    OSDbg_MutexSize                          0x08015a14   Data           2  os_dbg.o(.constdata)
    OSDbg_ObjTypeChkEn                       0x08015a16   Data           1  os_dbg.o(.constdata)
    OSDbg_PendMultiEn                        0x08015a17   Data           1  os_dbg.o(.constdata)
    OSDbg_PendDataSize                       0x08015a18   Data           2  os_dbg.o(.constdata)
    OSDbg_PendListSize                       0x08015a1a   Data           2  os_dbg.o(.constdata)
    OSDbg_PendObjSize                        0x08015a1c   Data           2  os_dbg.o(.constdata)
    OSDbg_PrioMax                            0x08015a1e   Data           2  os_dbg.o(.constdata)
    OSDbg_PrioTblSize                        0x08015a20   Data           2  os_dbg.o(.constdata)
    OSDbg_PtrSize                            0x08015a22   Data           2  os_dbg.o(.constdata)
    OSDbg_Q                                  0x08015a24   Data          48  os_dbg.o(.constdata)
    OSDbg_QEn                                0x08015a54   Data           1  os_dbg.o(.constdata)
    OSDbg_QDelEn                             0x08015a55   Data           1  os_dbg.o(.constdata)
    OSDbg_QFlushEn                           0x08015a56   Data           1  os_dbg.o(.constdata)
    OSDbg_QPendAbortEn                       0x08015a57   Data           1  os_dbg.o(.constdata)
    OSDbg_QSize                              0x08015a58   Data           2  os_dbg.o(.constdata)
    OSDbg_SchedRoundRobinEn                  0x08015a5a   Data           1  os_dbg.o(.constdata)
    OSDbg_Sem                                0x08015a5c   Data          40  os_dbg.o(.constdata)
    OSDbg_SemEn                              0x08015a84   Data           1  os_dbg.o(.constdata)
    OSDbg_SemDelEn                           0x08015a85   Data           1  os_dbg.o(.constdata)
    OSDbg_SemPendAbortEn                     0x08015a86   Data           1  os_dbg.o(.constdata)
    OSDbg_SemSetEn                           0x08015a87   Data           1  os_dbg.o(.constdata)
    OSDbg_SemSize                            0x08015a88   Data           2  os_dbg.o(.constdata)
    OSDbg_RdyList                            0x08015a8a   Data           2  os_dbg.o(.constdata)
    OSDbg_RdyListSize                        0x08015a8c   Data           4  os_dbg.o(.constdata)
    OSDbg_StkWidth                           0x08015a90   Data           1  os_dbg.o(.constdata)
    OSDbg_StatTaskEn                         0x08015a91   Data           1  os_dbg.o(.constdata)
    OSDbg_StatTaskStkChkEn                   0x08015a92   Data           1  os_dbg.o(.constdata)
    OSDbg_TaskChangePrioEn                   0x08015a93   Data           1  os_dbg.o(.constdata)
    OSDbg_TaskDelEn                          0x08015a94   Data           1  os_dbg.o(.constdata)
    OSDbg_TaskQEn                            0x08015a95   Data           1  os_dbg.o(.constdata)
    OSDbg_TaskQPendAbortEn                   0x08015a96   Data           1  os_dbg.o(.constdata)
    OSDbg_TaskProfileEn                      0x08015a97   Data           1  os_dbg.o(.constdata)
    OSDbg_TaskRegTblSize                     0x08015a98   Data           2  os_dbg.o(.constdata)
    OSDbg_TaskSemPendAbortEn                 0x08015a9a   Data           1  os_dbg.o(.constdata)
    OSDbg_TaskSuspendEn                      0x08015a9b   Data           1  os_dbg.o(.constdata)
    OSDbg_TCBSize                            0x08015a9c   Data           2  os_dbg.o(.constdata)
    OSDbg_TickListSize                       0x08015a9e   Data           2  os_dbg.o(.constdata)
    OSDbg_TimeDlyHMSMEn                      0x08015aa0   Data           1  os_dbg.o(.constdata)
    OSDbg_TimeDlyResumeEn                    0x08015aa1   Data           1  os_dbg.o(.constdata)
    OSDbg_TLS_TblSize                        0x08015aa2   Data           2  os_dbg.o(.constdata)
    OSDbg_Tmr                                0x08015aa4   Data          48  os_dbg.o(.constdata)
    OSDbg_TmrEn                              0x08015ad4   Data           1  os_dbg.o(.constdata)
    OSDbg_TmrDelEn                           0x08015ad5   Data           1  os_dbg.o(.constdata)
    OSDbg_TmrSize                            0x08015ad6   Data           2  os_dbg.o(.constdata)
    OSDbg_VersionNbr                         0x08015ad8   Data           2  os_dbg.o(.constdata)
    OSDbg_DataSize                           0x08015adc   Data           4  os_dbg.o(.constdata)
    CPAL_I2C_CLK                             0x080162fc   Data          12  cpal_i2c_hal_stm32f4xx.o(.constdata)
    CPAL_I2C_DR                              0x08016308   Data          12  cpal_i2c_hal_stm32f4xx.o(.constdata)
    CPAL_I2C_AF                              0x08016314   Data          12  cpal_i2c_hal_stm32f4xx.o(.constdata)
    CPAL_I2C_SCL_GPIO_PIN                    0x08016320   Data           6  cpal_i2c_hal_stm32f4xx.o(.constdata)
    CPAL_I2C_SCL_GPIO_CLK                    0x08016328   Data          12  cpal_i2c_hal_stm32f4xx.o(.constdata)
    CPAL_I2C_SCL_GPIO_PINSOURCE              0x08016334   Data           6  cpal_i2c_hal_stm32f4xx.o(.constdata)
    CPAL_I2C_SDA_GPIO_PIN                    0x0801633a   Data           6  cpal_i2c_hal_stm32f4xx.o(.constdata)
    CPAL_I2C_SDA_GPIO_CLK                    0x08016340   Data          12  cpal_i2c_hal_stm32f4xx.o(.constdata)
    CPAL_I2C_SDA_GPIO_PINSOURCE              0x0801634c   Data           6  cpal_i2c_hal_stm32f4xx.o(.constdata)
    CPAL_I2C_DMA_CLK                         0x08016354   Data          12  cpal_i2c_hal_stm32f4xx.o(.constdata)
    CPAL_I2C_DMA_CHANNEL                     0x08016360   Data          12  cpal_i2c_hal_stm32f4xx.o(.constdata)
    CPAL_I2C_DMA_TX_IRQn                     0x0801636c   Data           3  cpal_i2c_hal_stm32f4xx.o(.constdata)
    CPAL_I2C_DMA_RX_IRQn                     0x0801636f   Data           3  cpal_i2c_hal_stm32f4xx.o(.constdata)
    CPAL_I2C_IT_EVT_IRQn                     0x08016372   Data           3  cpal_i2c_hal_stm32f4xx.o(.constdata)
    CPAL_I2C_IT_ERR_IRQn                     0x08016375   Data           3  cpal_i2c_hal_stm32f4xx.o(.constdata)
    I2C_IT_EVT_PREPRIO                       0x08016378   Data           3  cpal_i2c_hal_stm32f4xx.o(.constdata)
    I2C_IT_EVT_SUBPRIO                       0x0801637b   Data           3  cpal_i2c_hal_stm32f4xx.o(.constdata)
    I2C_IT_ERR_PREPRIO                       0x0801637e   Data           3  cpal_i2c_hal_stm32f4xx.o(.constdata)
    I2C_IT_ERR_SUBPRIO                       0x08016381   Data           3  cpal_i2c_hal_stm32f4xx.o(.constdata)
    I2C_IT_DMATX_PREPRIO                     0x08016384   Data           3  cpal_i2c_hal_stm32f4xx.o(.constdata)
    I2C_IT_DMATX_SUBPRIO                     0x08016387   Data           3  cpal_i2c_hal_stm32f4xx.o(.constdata)
    I2C_IT_DMARX_PREPRIO                     0x0801638a   Data           3  cpal_i2c_hal_stm32f4xx.o(.constdata)
    I2C_IT_DMARX_SUBPRIO                     0x0801638d   Data           3  cpal_i2c_hal_stm32f4xx.o(.constdata)
    CPAL_I2C_DMA_TX_TC_FLAG                  0x08016390   Data          12  cpal_i2c_hal_stm32f4xx.o(.constdata)
    CPAL_I2C_DMA_TX_HT_FLAG                  0x0801639c   Data          12  cpal_i2c_hal_stm32f4xx.o(.constdata)
    CPAL_I2C_DMA_TX_TE_FLAG                  0x080163a8   Data          12  cpal_i2c_hal_stm32f4xx.o(.constdata)
    CPAL_I2C_DMA_RX_TC_FLAG                  0x080163b4   Data          12  cpal_i2c_hal_stm32f4xx.o(.constdata)
    CPAL_I2C_DMA_RX_HT_FLAG                  0x080163c0   Data          12  cpal_i2c_hal_stm32f4xx.o(.constdata)
    CPAL_I2C_DMA_RX_TE_FLAG                  0x080163cc   Data          12  cpal_i2c_hal_stm32f4xx.o(.constdata)
    Region$$Table$$Base                      0x080165b0   Number         0  anon$$obj.o(Region$$Table)
    Region$$Table$$Limit                     0x080165d0   Number         0  anon$$obj.o(Region$$Table)
    g_RCThrottle                             0x20000000   Data           4  globalvariable.o(.data)
    g_FlagTakeOff                            0x20000004   Data           1  globalvariable.o(.data)
    g_FlagPosHoldZ                           0x20000005   Data           1  globalvariable.o(.data)
    g_FlagPosHoldXY                          0x20000006   Data           1  globalvariable.o(.data)
    g_FlagArmed                              0x20000007   Data           1  globalvariable.o(.data)
    g_FlagTriggerStick                       0x20000008   Data           1  globalvariable.o(.data)
    g_FlagAttInit                            0x20000009   Data           1  globalvariable.o(.data)
    g_SonarDist                              0x2000000c   Data           4  globalvariable.o(.data)
    g_FlagSonarUpdate                        0x20000010   Data           1  globalvariable.o(.data)
    g_BaroAlt                                0x20000014   Data           4  globalvariable.o(.data)
    g_BaroAltOffset                          0x20000018   Data           4  globalvariable.o(.data)
    g_FlagBaroUpdate                         0x2000001c   Data           1  globalvariable.o(.data)
    g_FlagCamUpdate                          0x2000001d   Data           1  globalvariable.o(.data)
    g_PosThrottle                            0x20000020   Data           4  globalvariable.o(.data)
    g_PosControlMode                         0x20000024   Data           1  globalvariable.o(.data)
    g_TestTmpData1                           0x20000028   Data           4  globalvariable.o(.data)
    g_TestTmpData2                           0x2000002c   Data           4  globalvariable.o(.data)
    g_TestTmpData3                           0x20000030   Data           4  globalvariable.o(.data)
    g_TestTmpData4                           0x20000034   Data           4  globalvariable.o(.data)
    g_TestTmpData5                           0x20000038   Data           4  globalvariable.o(.data)
    g_TestTmpData6                           0x2000003c   Data           4  globalvariable.o(.data)
    g_TestTmpData7                           0x20000040   Data           4  globalvariable.o(.data)
    g_TestTmpData8                           0x20000044   Data           4  globalvariable.o(.data)
    g_TestTmpData9                           0x20000048   Data           4  globalvariable.o(.data)
    g_TestTmpData10                          0x2000004c   Data           4  globalvariable.o(.data)
    g_TestTmpData11                          0x20000050   Data           4  globalvariable.o(.data)
    g_TestTmpData12                          0x20000054   Data           4  globalvariable.o(.data)
    g_LEDBlinkPeriod_ms                      0x20000058   Data           4  globalvariable.o(.data)
    g_Flag_ESC_Calibrated                    0x2000005c   Data           1  globalvariable.o(.data)
    g_FlagAccCalFinished                     0x2000005d   Data           1  globalvariable.o(.data)
    KpPos                                    0x20000060   Data          12  poscontroltask.o(.data)
    KdPos                                    0x2000006c   Data          12  poscontroltask.o(.data)
    KiPos                                    0x20000078   Data          12  poscontroltask.o(.data)
    BSP_CPU_ClkFreq_MHz                      0x20000084   Data           4  bsp.o(.data)
    IMU_ErrorEuler                           0x20000130   Data          12  sensor_update.o(.data)
    g_sys_params                             0x20000194   Data          36  sys_params.o(.data)
    CPU_TS_TmrFreq_Hz                        0x200001b8   Data           4  cpu_core.o(.data)
    Math_RandSeedCur                         0x200001bc   Data           4  lib_math.o(.data)
    Mem_SegHeadPtr                           0x200001c0   Data           4  lib_mem.o(.data)
    OS_CPU_ExceptStkBase                     0x200001c4   Data           4  os_cpu_c.o(.data)
    OSPrioTbl                                0x200001c8   Data           8  os_prio.o(.data)
    OS_AppTaskCreateHookPtr                  0x200001d0   Data           4  os_var.o(.data)
    OS_AppTaskDelHookPtr                     0x200001d4   Data           4  os_var.o(.data)
    OS_AppTaskReturnHookPtr                  0x200001d8   Data           4  os_var.o(.data)
    OS_AppIdleTaskHookPtr                    0x200001dc   Data           4  os_var.o(.data)
    OS_AppStatTaskHookPtr                    0x200001e0   Data           4  os_var.o(.data)
    OS_AppTaskSwHookPtr                      0x200001e4   Data           4  os_var.o(.data)
    OS_AppTimeTickHookPtr                    0x200001e8   Data           4  os_var.o(.data)
    OSIdleTaskCtr                            0x200001ec   Data           4  os_var.o(.data)
    OSIntNestingCtr                          0x200001f0   Data           1  os_var.o(.data)
    OSRunning                                0x200001f1   Data           1  os_var.o(.data)
    OSIntQInPtr                              0x200001f4   Data           4  os_var.o(.data)
    OSIntQOutPtr                             0x200001f8   Data           4  os_var.o(.data)
    OSIntQNbrEntries                         0x200001fc   Data           2  os_var.o(.data)
    OSIntQNbrEntriesMax                      0x200001fe   Data           2  os_var.o(.data)
    OSIntQOvfCtr                             0x20000200   Data           2  os_var.o(.data)
    OSIntQTaskTimeMax                        0x20000204   Data           4  os_var.o(.data)
    OSFlagDbgListPtr                         0x20000208   Data           4  os_var.o(.data)
    OSFlagQty                                0x2000020c   Data           2  os_var.o(.data)
    OSMemDbgListPtr                          0x20000210   Data           4  os_var.o(.data)
    OSMemQty                                 0x20000214   Data           2  os_var.o(.data)
    OSMutexDbgListPtr                        0x20000218   Data           4  os_var.o(.data)
    OSMutexQty                               0x2000021c   Data           2  os_var.o(.data)
    OSPrioCur                                0x2000021e   Data           1  os_var.o(.data)
    OSPrioHighRdy                            0x2000021f   Data           1  os_var.o(.data)
    OSPrioSaved                              0x20000220   Data           1  os_var.o(.data)
    OSQDbgListPtr                            0x20000224   Data           4  os_var.o(.data)
    OSQQty                                   0x20000228   Data           2  os_var.o(.data)
    OSSchedLockTimeBegin                     0x2000022c   Data           4  os_var.o(.data)
    OSSchedLockTimeMax                       0x20000230   Data           4  os_var.o(.data)
    OSSchedLockTimeMaxCur                    0x20000234   Data           4  os_var.o(.data)
    OSSchedLockNestingCtr                    0x20000238   Data           1  os_var.o(.data)
    OSSchedRoundRobinDfltTimeQuanta          0x2000023c   Data           4  os_var.o(.data)
    OSSchedRoundRobinEn                      0x20000240   Data           1  os_var.o(.data)
    OSSemDbgListPtr                          0x20000244   Data           4  os_var.o(.data)
    OSSemQty                                 0x20000248   Data           2  os_var.o(.data)
    OSStatResetFlag                          0x2000024a   Data           1  os_var.o(.data)
    OSStatTaskCPUUsage                       0x2000024c   Data           2  os_var.o(.data)
    OSStatTaskCPUUsageMax                    0x2000024e   Data           2  os_var.o(.data)
    OSStatTaskCtr                            0x20000250   Data           4  os_var.o(.data)
    OSStatTaskCtrMax                         0x20000254   Data           4  os_var.o(.data)
    OSStatTaskCtrRun                         0x20000258   Data           4  os_var.o(.data)
    OSStatTaskRdy                            0x2000025c   Data           1  os_var.o(.data)
    OSStatTaskTimeMax                        0x20000260   Data           4  os_var.o(.data)
    OSTaskCtxSwCtr                           0x20000264   Data           4  os_var.o(.data)
    OSTaskDbgListPtr                         0x20000268   Data           4  os_var.o(.data)
    OSTaskQty                                0x2000026c   Data           2  os_var.o(.data)
    OSTaskRegNextAvailID                     0x2000026e   Data           1  os_var.o(.data)
    OSTickCtr                                0x20000270   Data           4  os_var.o(.data)
    OSTickTaskTimeMax                        0x20000274   Data           4  os_var.o(.data)
    OSTickListDly                            0x20000278   Data           8  os_var.o(.data)
    OSTickListTimeout                        0x20000280   Data           8  os_var.o(.data)
    OSTmrDbgListPtr                          0x20000288   Data           4  os_var.o(.data)
    OSTmrListEntries                         0x2000028c   Data           2  os_var.o(.data)
    OSTmrListPtr                             0x20000290   Data           4  os_var.o(.data)
    OSTmrQty                                 0x20000294   Data           2  os_var.o(.data)
    OSTmrTaskTimeMax                         0x20000298   Data           4  os_var.o(.data)
    OSTmrTickCtr                             0x2000029c   Data           4  os_var.o(.data)
    OSTmrUpdateCnt                           0x200002a0   Data           4  os_var.o(.data)
    OSTmrUpdateCtr                           0x200002a4   Data           4  os_var.o(.data)
    OSTCBCurPtr                              0x200002a8   Data           4  os_var.o(.data)
    OSTCBHighRdyPtr                          0x200002ac   Data           4  os_var.o(.data)
    I2C_DevStructures                        0x200002c0   Data          12  cpal_i2c_hal_stm32f4xx.o(.data)
    I2C2_DevStructure                        0x200002cc   Data          32  cpal_i2c_hal_stm32f4xx.o(.data)
    I2C3_DevStructure                        0x200002ec   Data          32  cpal_i2c_hal_stm32f4xx.o(.data)
    CPAL_I2C_DEVICE                          0x2000030c   Data          12  cpal_i2c_hal_stm32f4xx.o(.data)
    CPAL_I2C_SCL_GPIO_PORT                   0x20000318   Data          12  cpal_i2c_hal_stm32f4xx.o(.data)
    CPAL_I2C_SDA_GPIO_PORT                   0x20000324   Data          12  cpal_i2c_hal_stm32f4xx.o(.data)
    CPAL_I2C_DMA_TX_Stream                   0x20000330   Data          12  cpal_i2c_hal_stm32f4xx.o(.data)
    CPAL_I2C_DMA_RX_Stream                   0x2000033c   Data          12  cpal_i2c_hal_stm32f4xx.o(.data)
    CPAL_I2C_DMA                             0x20000348   Data          12  cpal_i2c_hal_stm32f4xx.o(.data)
    Sem_AttControlUpdate                     0x20000358   Data          40  globalvariable.o(.bss)
    Sem_PosControlUpdate                     0x20000380   Data          40  globalvariable.o(.bss)
    Sem_SerPrintUpdate                       0x200003a8   Data          40  globalvariable.o(.bss)
    g_RCEuler                                0x200003d0   Data          12  globalvariable.o(.bss)
    g_TargetPos                              0x200003dc   Data          12  globalvariable.o(.bss)
    g_TargetVel                              0x200003e8   Data          12  globalvariable.o(.bss)
    g_TargetAcc                              0x200003f4   Data          12  globalvariable.o(.bss)
    g_AttEuler                               0x20000400   Data          12  globalvariable.o(.bss)
    g_AccRaw                                 0x2000040c   Data          12  globalvariable.o(.bss)
    g_GyroRaw                                0x20000418   Data          12  globalvariable.o(.bss)
    g_AccRef                                 0x20000424   Data          12  globalvariable.o(.bss)
    g_AccRefRaw                              0x20000430   Data          12  globalvariable.o(.bss)
    g_VelRef                                 0x2000043c   Data          12  globalvariable.o(.bss)
    g_PosRef                                 0x20000448   Data          12  globalvariable.o(.bss)
    g_CamPos                                 0x20000454   Data          12  globalvariable.o(.bss)
    g_CamVel                                 0x20000460   Data          12  globalvariable.o(.bss)
    g_CamEuler                               0x2000046c   Data          12  globalvariable.o(.bss)
    g_CamTargetPos                           0x20000478   Data          12  globalvariable.o(.bss)
    g_PosEuler                               0x20000484   Data          12  globalvariable.o(.bss)
    AppTaskStartStk                          0x20000558   Data        2048  app.o(.bss)
    StateCheckTaskTCB                        0x20001558   Data         200  statechecktask.o(.bss)
    RCTaskTCB                                0x20001e20   Data         200  rctask.o(.bss)
    AttitudeTaskTCB                          0x20001ee8   Data         200  attitudetask.o(.bss)
    ControlTaskTCB                           0x20003190   Data         200  controltask.o(.bss)
    PrintfTaskTCB                            0x20003a58   Data         200  serprinttask.o(.bss)
    ESCCalibrateTaskTCB                      0x20004320   Data         200  esccalibratetask.o(.bss)
    AccCalibrateTaskTCB                      0x200043e8   Data         200  acccalibratetask.o(.bss)
    CommTaskTCB                              0x200050b0   Data         200  commtask.o(.bss)
    PosControlTaskTCB                        0x20005978   Data         200  poscontroltask.o(.bss)
    NavigateTaskTCB                          0x20006240   Data         200  navigatetask.o(.bss)
    Sem_SPI1RxWait                           0x200064ec   Data          40  bsp_spi1.o(.bss)
    Sem_SPI1TxWait                           0x20006514   Data          40  bsp_spi1.o(.bss)
    Mutex_SPI1Lock                           0x2000653c   Data          48  bsp_spi1.o(.bss)
    I2C3_TxStruct                            0x2000656c   Data          16  bsp_iic3.o(.bss)
    I2C3_RxStruct                            0x2000657c   Data          16  bsp_iic3.o(.bss)
    Mutex_I2C3_Lock                          0x2000658c   Data          48  bsp_iic3.o(.bss)
    Sem_I2C3_TxWait                          0x200065bc   Data          40  bsp_iic3.o(.bss)
    Sem_I2C3_RxWait                          0x200065e4   Data          40  bsp_iic3.o(.bss)
    PWM_IN_Update_Sem                        0x2000660c   Data          40  bsp_pwm_in.o(.bss)
    Sem_USART2_TxWait                        0x20006634   Data          40  bsp_usart2.o(.bss)
    Sem_USART2_RxWait                        0x2000665c   Data          40  bsp_usart2.o(.bss)
    Sem_USART2_Lock                          0x20006684   Data          40  bsp_usart2.o(.bss)
    g_packet_buf                             0x200066ac   Data          21  bsp_usart2.o(.bss)
    I2C2_TxStruct                            0x200066c4   Data          16  bsp_iic2.o(.bss)
    I2C2_RxStruct                            0x200066d4   Data          16  bsp_iic2.o(.bss)
    Mutex_I2C2_Lock                          0x200066e4   Data          48  bsp_iic2.o(.bss)
    Sem_I2C2_TxWait                          0x20006714   Data          40  bsp_iic2.o(.bss)
    Sem_I2C2_RxWait                          0x2000673c   Data          40  bsp_iic2.o(.bss)
    Sem_MPU6000_DataReady                    0x20006828   Data          40  mpu6000.o(.bss)
    CPU_Name                                 0x20006850   Data          16  cpu_core.o(.bss)
    Mem_Heap                                 0x20006860   Data        3072  lib_mem.o(.bss)
    Mem_SegHeap                              0x20007460   Data          20  lib_mem.o(.bss)
    OSCfg_IdleTaskStk                        0x20007474   Data         256  os_cfg_app.o(.bss)
    OSCfg_IntQ                               0x20007574   Data         320  os_cfg_app.o(.bss)
    OSCfg_IntQTaskStk                        0x200076b4   Data         400  os_cfg_app.o(.bss)
    OSCfg_ISRStk                             0x20007844   Data         400  os_cfg_app.o(.bss)
    OSCfg_MsgPool                            0x200079d4   Data        1600  os_cfg_app.o(.bss)
    OSCfg_StatTaskStk                        0x20008014   Data         400  os_cfg_app.o(.bss)
    OSCfg_TickTaskStk                        0x200081a4   Data         400  os_cfg_app.o(.bss)
    OSCfg_TmrTaskStk                         0x20008334   Data         400  os_cfg_app.o(.bss)
    OSIdleTaskTCB                            0x200084c4   Data         200  os_var.o(.bss)
    OSIntQTaskTCB                            0x2000858c   Data         200  os_var.o(.bss)
    OSMsgPool                                0x20008654   Data          12  os_var.o(.bss)
    OSRdyList                                0x20008660   Data         768  os_var.o(.bss)
    OSStatTaskTCB                            0x20008960   Data         200  os_var.o(.bss)
    OSTickTaskTCB                            0x20008a28   Data         200  os_var.o(.bss)
    OSTmrMutex                               0x20008af0   Data          48  os_var.o(.bss)
    OSTmrTaskTCB                             0x20008b20   Data         200  os_var.o(.bss)
    I2C_InitStructure                        0x20008be8   Data          16  cpal_i2c.o(.bss)
    __initial_sp                             0x2000ebf8   Data           0  cstartup.o(STACK)



==============================================================================

Memory Map of the image

  Image Entry point : 0x080001ad

  Load Region LR_IROM1 (Base: 0x08000000, Size: 0x00016928, Max: 0x00100000, ABSOLUTE, COMPRESSED[0x00016670])

    Execution Region ER_IROM1 (Base: 0x08000000, Size: 0x000165d0, Max: 0x00100000, ABSOLUTE)

    Base Addr    Size         Type   Attr      Idx    E Section Name        Object

    0x08000000   0x000001ac   Data   RO          782    RESET               cstartup.o
    0x080001ac   0x00000000   Code   RO         9544  * .ARM.Collect$$$$00000000  mc_w.l(entry.o)
    0x080001ac   0x00000004   Code   RO         9657    .ARM.Collect$$$$00000001  mc_w.l(entry2.o)
    0x080001b0   0x00000004   Code   RO         9660    .ARM.Collect$$$$00000004  mc_w.l(entry5.o)
    0x080001b4   0x00000000   Code   RO         9662    .ARM.Collect$$$$00000008  mc_w.l(entry7b.o)
    0x080001b4   0x00000000   Code   RO         9664    .ARM.Collect$$$$0000000A  mc_w.l(entry8b.o)
    0x080001b4   0x00000008   Code   RO         9665    .ARM.Collect$$$$0000000B  mc_w.l(entry9a.o)
    0x080001bc   0x00000000   Code   RO         9667    .ARM.Collect$$$$0000000D  mc_w.l(entry10a.o)
    0x080001bc   0x00000000   Code   RO         9669    .ARM.Collect$$$$0000000F  mc_w.l(entry11a.o)
    0x080001bc   0x00000004   Code   RO         9658    .ARM.Collect$$$$00002712  mc_w.l(entry2.o)
    0x080001c0   0x00000048   Code   RO          783    .text               cstartup.o
    0x08000208   0x00000034   Code   RO         2932    .text               cpu_a.o
    0x0800023c   0x00000062   Code   RO         9547    .text               mc_w.l(uldiv.o)
    0x0800029e   0x00000024   Code   RO         9549    .text               mc_w.l(memcpya.o)
    0x080002c2   0x0000014e   Code   RO         9581    .text               mf_w.l(dadd.o)
    0x08000410   0x000000e4   Code   RO         9583    .text               mf_w.l(dmul.o)
    0x080004f4   0x000000de   Code   RO         9585    .text               mf_w.l(ddiv.o)
    0x080005d2   0x0000001c   Code   RO         9589    .text               mf_w.l(ffltul.o)
    0x080005ee   0x00000022   Code   RO         9591    .text               mf_w.l(dflti.o)
    0x08000610   0x0000001a   Code   RO         9593    .text               mf_w.l(dfltui.o)
    0x0800062a   0x0000003e   Code   RO         9595    .text               mf_w.l(dfixi.o)
    0x08000668   0x00000026   Code   RO         9597    .text               mf_w.l(f2d.o)
    0x0800068e   0x00000002   PAD
    0x08000690   0x00000030   Code   RO         9599    .text               mf_w.l(cdcmple.o)
    0x080006c0   0x00000030   Code   RO         9601    .text               mf_w.l(cdrcmple.o)
    0x080006f0   0x00000038   Code   RO         9603    .text               mf_w.l(d2f.o)
    0x08000728   0x0000002c   Code   RO         9674    .text               mc_w.l(uidiv.o)
    0x08000754   0x0000001e   Code   RO         9676    .text               mc_w.l(llshl.o)
    0x08000772   0x00000020   Code   RO         9678    .text               mc_w.l(llushr.o)
    0x08000792   0x00000024   Code   RO         9680    .text               mc_w.l(llsshr.o)
    0x080007b6   0x00000000   Code   RO         9689    .text               mc_w.l(iusefp.o)
    0x080007b6   0x0000006e   Code   RO         9690    .text               mf_w.l(fepilogue.o)
    0x08000824   0x000000ba   Code   RO         9692    .text               mf_w.l(depilogue.o)
    0x080008de   0x000000a2   Code   RO         9696    .text               mf_w.l(dsqrt.o)
    0x08000980   0x00000030   Code   RO         9698    .text               mf_w.l(dfixul.o)
    0x080009b0   0x00000024   Code   RO         9700    .text               mc_w.l(init.o)
    0x080009d4   0x00000056   Code   RO         9712    .text               mc_w.l(__dczerorl2.o)
    0x08000a2a   0x00000002   PAD
    0x08000a2c   0x0000010c   Code   RO         3459    CODE                os_cpu_a.o
    0x08000b38   0x00000660   Code   RO          659    i.AccCalibrateTask  acccalibratetask.o
    0x08001198   0x00000084   Code   RO          660    i.AccCalibrateTaskCreate  acccalibratetask.o
    0x0800121c   0x000000b0   Code   RO          427    i.AppObjCreate      app.o
    0x080012cc   0x00000050   Code   RO          428    i.AppTaskCreate     app.o
    0x0800131c   0x000000b0   Code   RO          429    i.AppTaskStart      app.o
    0x080013cc   0x00000002   Code   RO            4    i.App_OS_IdleTaskHook  os_app_hooks.o
    0x080013ce   0x00000002   PAD
    0x080013d0   0x00000084   Code   RO            6    i.App_OS_SetAllHooks  os_app_hooks.o
    0x08001454   0x00000002   Code   RO            7    i.App_OS_StatTaskHook  os_app_hooks.o
    0x08001456   0x00000002   Code   RO            8    i.App_OS_TaskCreateHook  os_app_hooks.o
    0x08001458   0x00000002   Code   RO            9    i.App_OS_TaskDelHook  os_app_hooks.o
    0x0800145a   0x00000002   Code   RO           10    i.App_OS_TaskReturnHook  os_app_hooks.o
    0x0800145c   0x00000002   Code   RO           11    i.App_OS_TaskSwHook  os_app_hooks.o
    0x0800145e   0x00000008   Code   RO           12    i.App_OS_TimeTickHook  os_app_hooks.o
    0x08001466   0x00000002   PAD
    0x08001468   0x0000091c   Code   RO          542    i.AttitudeTask      attitudetask.o
    0x08001d84   0x0000007c   Code   RO          543    i.AttitudeTaskCreate  attitudetask.o
    0x08001e00   0x0000000e   Code   RO          789    i.BSP_CPU_ClkFreq   bsp.o
    0x08001e0e   0x00000002   PAD
    0x08001e10   0x00000024   Code   RO         2549    i.BSP_EXTI0_ISR_Handler  mpu6000.o
    0x08001e34   0x00000008   Code   RO         1729    i.BSP_I2C3_ER_ISR   bsp_iic3.o
    0x08001e3c   0x00000008   Code   RO         1730    i.BSP_I2C3_EV_ISR   bsp_iic3.o
    0x08001e44   0x000000cc   Code   RO         1731    i.BSP_I2C3_Init     bsp_iic3.o
    0x08001f10   0x00000070   Code   RO          790    i.BSP_Init          bsp.o
    0x08001f80   0x00000014   Code   RO          900    i.BSP_IntDis        bsp_int.o
    0x08001f94   0x00000008   Code   RO          901    i.BSP_IntDisAll     bsp_int.o
    0x08001f9c   0x00000014   Code   RO          902    i.BSP_IntEn         bsp_int.o
    0x08001fb0   0x00000040   Code   RO          903    i.BSP_IntHandler    bsp_int.o
    0x08001ff0   0x0000000a   Code   RO          904    i.BSP_IntHandlerADC  bsp_int.o
    0x08001ffa   0x0000000a   Code   RO          905    i.BSP_IntHandlerCAN1_RX0  bsp_int.o
    0x08002004   0x0000000a   Code   RO          906    i.BSP_IntHandlerCAN1_RX1  bsp_int.o
    0x0800200e   0x0000000a   Code   RO          907    i.BSP_IntHandlerCAN1_SCE  bsp_int.o
    0x08002018   0x0000000a   Code   RO          908    i.BSP_IntHandlerCAN1_TX  bsp_int.o
    0x08002022   0x0000000a   Code   RO          909    i.BSP_IntHandlerCAN2_RX0  bsp_int.o
    0x0800202c   0x0000000a   Code   RO          910    i.BSP_IntHandlerCAN2_RX1  bsp_int.o
    0x08002036   0x0000000a   Code   RO          911    i.BSP_IntHandlerCAN2_SCE  bsp_int.o
    0x08002040   0x0000000a   Code   RO          912    i.BSP_IntHandlerCAN2_TX  bsp_int.o
    0x0800204a   0x0000000a   Code   RO          913    i.BSP_IntHandlerCRYP  bsp_int.o
    0x08002054   0x0000000a   Code   RO          914    i.BSP_IntHandlerDCMI  bsp_int.o
    0x0800205e   0x0000000a   Code   RO          915    i.BSP_IntHandlerDMA1_CH0  bsp_int.o
    0x08002068   0x0000000a   Code   RO          916    i.BSP_IntHandlerDMA1_CH1  bsp_int.o
    0x08002072   0x0000000a   Code   RO          917    i.BSP_IntHandlerDMA1_CH2  bsp_int.o
    0x0800207c   0x0000000a   Code   RO          918    i.BSP_IntHandlerDMA1_CH3  bsp_int.o
    0x08002086   0x0000000a   Code   RO          919    i.BSP_IntHandlerDMA1_CH4  bsp_int.o
    0x08002090   0x0000000a   Code   RO          920    i.BSP_IntHandlerDMA1_CH5  bsp_int.o
    0x0800209a   0x0000000a   Code   RO          921    i.BSP_IntHandlerDMA1_CH6  bsp_int.o
    0x080020a4   0x0000000a   Code   RO          922    i.BSP_IntHandlerDMA1_STREAM7  bsp_int.o
    0x080020ae   0x0000000a   Code   RO          923    i.BSP_IntHandlerDMA2D  bsp_int.o
    0x080020b8   0x0000000a   Code   RO          924    i.BSP_IntHandlerDMA2_CH0  bsp_int.o
    0x080020c2   0x0000000a   Code   RO          925    i.BSP_IntHandlerDMA2_CH1  bsp_int.o
    0x080020cc   0x0000000a   Code   RO          926    i.BSP_IntHandlerDMA2_CH2  bsp_int.o
    0x080020d6   0x0000000a   Code   RO          927    i.BSP_IntHandlerDMA2_CH3  bsp_int.o
    0x080020e0   0x0000000a   Code   RO          928    i.BSP_IntHandlerDMA2_CH4  bsp_int.o
    0x080020ea   0x0000000a   Code   RO          929    i.BSP_IntHandlerDMA2_CH5  bsp_int.o
    0x080020f4   0x0000000a   Code   RO          930    i.BSP_IntHandlerDMA2_CH6  bsp_int.o
    0x080020fe   0x0000000a   Code   RO          931    i.BSP_IntHandlerDMA2_CH7  bsp_int.o
    0x08002108   0x00000002   Code   RO          932    i.BSP_IntHandlerDummy  bsp_int.o
    0x0800210a   0x0000000a   Code   RO          933    i.BSP_IntHandlerETH  bsp_int.o
    0x08002114   0x0000000a   Code   RO          934    i.BSP_IntHandlerETHWakeup  bsp_int.o
    0x0800211e   0x0000000a   Code   RO          935    i.BSP_IntHandlerEXTI0  bsp_int.o
    0x08002128   0x0000000a   Code   RO          936    i.BSP_IntHandlerEXTI1  bsp_int.o
    0x08002132   0x0000000a   Code   RO          937    i.BSP_IntHandlerEXTI15_10  bsp_int.o
    0x0800213c   0x0000000a   Code   RO          938    i.BSP_IntHandlerEXTI2  bsp_int.o
    0x08002146   0x0000000a   Code   RO          939    i.BSP_IntHandlerEXTI3  bsp_int.o
    0x08002150   0x0000000a   Code   RO          940    i.BSP_IntHandlerEXTI4  bsp_int.o
    0x0800215a   0x0000000a   Code   RO          941    i.BSP_IntHandlerEXTI9_5  bsp_int.o
    0x08002164   0x0000000a   Code   RO          942    i.BSP_IntHandlerFLASH  bsp_int.o
    0x0800216e   0x0000000a   Code   RO          943    i.BSP_IntHandlerFPU  bsp_int.o
    0x08002178   0x0000000a   Code   RO          944    i.BSP_IntHandlerFSMC  bsp_int.o
    0x08002182   0x0000000a   Code   RO          945    i.BSP_IntHandlerHASH_RNG  bsp_int.o
    0x0800218c   0x0000000a   Code   RO          946    i.BSP_IntHandlerI2C1_ER  bsp_int.o
    0x08002196   0x0000000a   Code   RO          947    i.BSP_IntHandlerI2C1_EV  bsp_int.o
    0x080021a0   0x0000000a   Code   RO          948    i.BSP_IntHandlerI2C2_ER  bsp_int.o
    0x080021aa   0x0000000a   Code   RO          949    i.BSP_IntHandlerI2C2_EV  bsp_int.o
    0x080021b4   0x0000000a   Code   RO          950    i.BSP_IntHandlerI2C3_ER  bsp_int.o
    0x080021be   0x0000000a   Code   RO          951    i.BSP_IntHandlerI2C3_EV  bsp_int.o
    0x080021c8   0x0000000a   Code   RO          952    i.BSP_IntHandlerLTDC  bsp_int.o
    0x080021d2   0x0000000a   Code   RO          953    i.BSP_IntHandlerLTDC_ER  bsp_int.o
    0x080021dc   0x0000000a   Code   RO          954    i.BSP_IntHandlerOTG_FS  bsp_int.o
    0x080021e6   0x0000000a   Code   RO          955    i.BSP_IntHandlerOTG_FS_WKUP  bsp_int.o
    0x080021f0   0x0000000a   Code   RO          956    i.BSP_IntHandlerOTG_HS  bsp_int.o
    0x080021fa   0x0000000a   Code   RO          957    i.BSP_IntHandlerOTG_HS_EP1_IN  bsp_int.o
    0x08002204   0x0000000a   Code   RO          958    i.BSP_IntHandlerOTG_HS_EP1_OUT  bsp_int.o
    0x0800220e   0x0000000a   Code   RO          959    i.BSP_IntHandlerOTG_HS_WKUP  bsp_int.o
    0x08002218   0x0000000a   Code   RO          960    i.BSP_IntHandlerPVD  bsp_int.o
    0x08002222   0x0000000a   Code   RO          961    i.BSP_IntHandlerRCC  bsp_int.o
    0x0800222c   0x0000000a   Code   RO          962    i.BSP_IntHandlerRTCAlarm  bsp_int.o
    0x08002236   0x0000000a   Code   RO          963    i.BSP_IntHandlerRTC_WKUP  bsp_int.o
    0x08002240   0x0000000a   Code   RO          964    i.BSP_IntHandlerSAI1  bsp_int.o
    0x0800224a   0x0000000a   Code   RO          965    i.BSP_IntHandlerSDIO  bsp_int.o
    0x08002254   0x0000000a   Code   RO          966    i.BSP_IntHandlerSPI1  bsp_int.o
    0x0800225e   0x0000000a   Code   RO          967    i.BSP_IntHandlerSPI2  bsp_int.o
    0x08002268   0x0000000a   Code   RO          968    i.BSP_IntHandlerSPI3  bsp_int.o
    0x08002272   0x0000000a   Code   RO          969    i.BSP_IntHandlerSPI4  bsp_int.o
    0x0800227c   0x0000000a   Code   RO          970    i.BSP_IntHandlerSPI5  bsp_int.o
    0x08002286   0x0000000a   Code   RO          971    i.BSP_IntHandlerSPI6  bsp_int.o
    0x08002290   0x0000000a   Code   RO          972    i.BSP_IntHandlerTAMP_STAMP  bsp_int.o
    0x0800229a   0x0000000a   Code   RO          973    i.BSP_IntHandlerTIM1_BRK_TIM9  bsp_int.o
    0x080022a4   0x0000000a   Code   RO          974    i.BSP_IntHandlerTIM1_CC  bsp_int.o
    0x080022ae   0x0000000a   Code   RO          975    i.BSP_IntHandlerTIM1_TRG_COM_TIM11  bsp_int.o
    0x080022b8   0x0000000a   Code   RO          976    i.BSP_IntHandlerTIM1_UP_TIM10  bsp_int.o
    0x080022c2   0x0000000a   Code   RO          977    i.BSP_IntHandlerTIM2  bsp_int.o
    0x080022cc   0x0000000a   Code   RO          978    i.BSP_IntHandlerTIM3  bsp_int.o
    0x080022d6   0x0000000a   Code   RO          979    i.BSP_IntHandlerTIM4  bsp_int.o
    0x080022e0   0x0000000a   Code   RO          980    i.BSP_IntHandlerTIM5  bsp_int.o
    0x080022ea   0x0000000a   Code   RO          981    i.BSP_IntHandlerTIM6_DAC  bsp_int.o
    0x080022f4   0x0000000a   Code   RO          982    i.BSP_IntHandlerTIM7  bsp_int.o
    0x080022fe   0x0000000a   Code   RO          983    i.BSP_IntHandlerTIM8_BRK_TIM12  bsp_int.o
    0x08002308   0x0000000a   Code   RO          984    i.BSP_IntHandlerTIM8_CC  bsp_int.o
    0x08002312   0x0000000a   Code   RO          985    i.BSP_IntHandlerTIM8_TRG_COM_TIM14  bsp_int.o
    0x0800231c   0x0000000a   Code   RO          986    i.BSP_IntHandlerTIM8_UP_TIM13  bsp_int.o
    0x08002326   0x0000000a   Code   RO          987    i.BSP_IntHandlerUART7  bsp_int.o
    0x08002330   0x0000000a   Code   RO          988    i.BSP_IntHandlerUART8  bsp_int.o
    0x0800233a   0x0000000a   Code   RO          989    i.BSP_IntHandlerUSART1  bsp_int.o
    0x08002344   0x0000000a   Code   RO          990    i.BSP_IntHandlerUSART2  bsp_int.o
    0x0800234e   0x0000000a   Code   RO          991    i.BSP_IntHandlerUSART3  bsp_int.o
    0x08002358   0x0000000a   Code   RO          992    i.BSP_IntHandlerUSART4  bsp_int.o
    0x08002362   0x0000000a   Code   RO          993    i.BSP_IntHandlerUSART5  bsp_int.o
    0x0800236c   0x0000000a   Code   RO          994    i.BSP_IntHandlerUSART6  bsp_int.o
    0x08002376   0x0000000a   Code   RO          995    i.BSP_IntHandlerWWDG  bsp_int.o
    0x08002380   0x0000001c   Code   RO          996    i.BSP_IntInit       bsp_int.o
    0x0800239c   0x00000036   Code   RO          997    i.BSP_IntPrioSet    bsp_int.o
    0x080023d2   0x00000002   PAD
    0x080023d4   0x00000034   Code   RO          998    i.BSP_IntVectSet    bsp_int.o
    0x08002408   0x0000005c   Code   RO          791    i.BSP_LED_Init      bsp.o
    0x08002464   0x00000048   Code   RO          792    i.BSP_LED_Off       bsp.o
    0x080024ac   0x00000048   Code   RO          793    i.BSP_LED_On        bsp.o
    0x080024f4   0x000000b0   Code   RO          794    i.BSP_LED_Toggle    bsp.o
    0x080025a4   0x0000001e   Code   RO         1623    i.BSP_OS_MutexCreate  bsp_os.o
    0x080025c2   0x0000001c   Code   RO         1624    i.BSP_OS_MutexPost  bsp_os.o
    0x080025de   0x00000002   PAD
    0x080025e0   0x00000038   Code   RO         1625    i.BSP_OS_MutexWait  bsp_os.o
    0x08002618   0x00000022   Code   RO         1626    i.BSP_OS_SemCreate  bsp_os.o
    0x0800263a   0x0000001c   Code   RO         1627    i.BSP_OS_SemPost    bsp_os.o
    0x08002656   0x00000002   PAD
    0x08002658   0x00000038   Code   RO         1629    i.BSP_OS_SemWait    bsp_os.o
    0x08002690   0x00000040   Code   RO         1630    i.BSP_OS_TimeDlyMs  bsp_os.o
    0x080026d0   0x00000044   Code   RO         2010    i.BSP_PWM2_GPIOConfig  bsp_pwm2.o
    0x08002714   0x00000038   Code   RO         2011    i.BSP_PWM2_Init     bsp_pwm2.o
    0x0800274c   0x00000060   Code   RO         2012    i.BSP_PWM2_ModeConfig  bsp_pwm2.o
    0x080027ac   0x00000014   Code   RO         2013    i.BSP_PWM2_Set      bsp_pwm2.o
    0x080027c0   0x00000060   Code   RO         1807    i.BSP_PWM_GPIOConfig  bsp_pwm.o
    0x08002820   0x00000170   Code   RO         1845    i.BSP_PWM_IN_GetWidth  bsp_pwm_in.o
    0x08002990   0x00000244   Code   RO         1846    i.BSP_PWM_IN_InitTimer  bsp_pwm_in.o
    0x08002bd4   0x00000038   Code   RO         1808    i.BSP_PWM_Init      bsp_pwm.o
    0x08002c0c   0x00000090   Code   RO         1809    i.BSP_PWM_ModeConfig  bsp_pwm.o
    0x08002c9c   0x0000008c   Code   RO         1810    i.BSP_PWM_Set       bsp_pwm.o
    0x08002d28   0x000001b0   Code   RO         1515    i.BSP_PeriphEn      bsp_periph.o
    0x08002ed8   0x000000f4   Code   RO         1688    i.BSP_SPI1_Init     bsp_spi1.o
    0x08002fcc   0x0000005c   Code   RO         1689    i.BSP_SPI1_SendReceiveByte  bsp_spi1.o
    0x08003028   0x00000068   Code   RO         1545    i.BSP_Ser_ISR_Handler  bsp_ser.o
    0x08003090   0x0000016c   Code   RO         1546    i.BSP_Ser_Init      bsp_ser.o
    0x080031fc   0x00000026   Code   RO         1547    i.BSP_Ser_Printf    bsp_ser.o
    0x08003222   0x00000002   PAD
    0x08003224   0x00000038   Code   RO         1552    i.BSP_Ser_WrByteUnlocked  bsp_ser.o
    0x0800325c   0x0000004c   Code   RO         1553    i.BSP_Ser_WrStr     bsp_ser.o
    0x080032a8   0x0000001c   Code   RO          795    i.BSP_Tick_Init     bsp.o
    0x080032c4   0x000000b8   Code   RO         1903    i.BSP_USART2_ISR    bsp_usart2.o
    0x0800337c   0x00000154   Code   RO         1904    i.BSP_USART2_Init   bsp_usart2.o
    0x080034d0   0x00000204   Code   RO         2476    i.CORDIC_Init       cordic.o
    0x080036d4   0x0000000c   Code   RO         9185    i.CPAL_HAL_NVICInit  cpal_hal.o
    0x080036e0   0x000000c0   Code   RO         9146    i.CPAL_I2C_ERR_UserCallback  cpal_usercallback.o
    0x080037a0   0x00000160   Code   RO         9206    i.CPAL_I2C_ER_IRQHandler  cpal_i2c.o
    0x08003900   0x00000078   Code   RO         9207    i.CPAL_I2C_EV_IRQHandler  cpal_i2c.o
    0x08003978   0x00000034   Code   RO         9208    i.CPAL_I2C_Enable_DMA_IT  cpal_i2c.o
    0x080039ac   0x00000030   Code   RO         9308    i.CPAL_I2C_HAL_CLKDeInit  cpal_i2c_hal_stm32f4xx.o
    0x080039dc   0x00000030   Code   RO         9309    i.CPAL_I2C_HAL_CLKInit  cpal_i2c_hal_stm32f4xx.o
    0x08003a0c   0x0000004c   Code   RO         9310    i.CPAL_I2C_HAL_GPIODeInit  cpal_i2c_hal_stm32f4xx.o
    0x08003a58   0x000000ac   Code   RO         9311    i.CPAL_I2C_HAL_GPIOInit  cpal_i2c_hal_stm32f4xx.o
    0x08003b04   0x00000088   Code   RO         9313    i.CPAL_I2C_HAL_ITInit  cpal_i2c_hal_stm32f4xx.o
    0x08003b8c   0x00000134   Code   RO         9209    i.CPAL_I2C_Init     cpal_i2c.o
    0x08003cc0   0x00000178   Code   RO         9210    i.CPAL_I2C_IsDeviceReady  cpal_i2c.o
    0x08003e38   0x00000028   Code   RO         9147    i.CPAL_I2C_RXTC_UserCallback  cpal_usercallback.o
    0x08003e60   0x0000004c   Code   RO         9212    i.CPAL_I2C_StructInit  cpal_i2c.o
    0x08003eac   0x0000007c   Code   RO         9213    i.CPAL_I2C_TIMEOUT_Manager  cpal_i2c.o
    0x08003f28   0x00000028   Code   RO         9148    i.CPAL_I2C_TXTC_UserCallback  cpal_usercallback.o
    0x08003f50   0x0000001a   Code   RO         9214    i.CPAL_I2C_Timeout  cpal_i2c.o
    0x08003f6a   0x00000002   PAD
    0x08003f6c   0x000000c4   Code   RO         9149    i.CPAL_TIMEOUT_UserCallback  cpal_usercallback.o
    0x08004030   0x0000000c   Code   RO         2814    i.CPU_Init          cpu_core.o
    0x0800403c   0x0000014c   Code   RO         2937    i.CPU_IntSrcDis     cpu_c.o
    0x08004188   0x0000014c   Code   RO         2938    i.CPU_IntSrcEn      cpu_c.o
    0x080042d4   0x000001f8   Code   RO         2941    i.CPU_IntSrcPrioSet  cpu_c.o
    0x080044cc   0x00000030   Code   RO         2815    i.CPU_NameClr       cpu_core.o
    0x080044fc   0x00000008   Code   RO         2817    i.CPU_NameInit      cpu_core.o
    0x08004504   0x00000004   Code   RO         2819    i.CPU_SW_Exception  cpu_core.o
    0x08004508   0x0000000c   Code   RO         2820    i.CPU_TS_Get32      cpu_core.o
    0x08004514   0x00000014   Code   RO         2821    i.CPU_TS_Init       cpu_core.o
    0x08004528   0x0000000c   Code   RO         2823    i.CPU_TS_TmrFreqSet  cpu_core.o
    0x08004534   0x00000034   Code   RO          797    i.CPU_TS_TmrInit    bsp.o
    0x08004568   0x0000000c   Code   RO          798    i.CPU_TS_TmrRd      bsp.o
    0x08004574   0x00000184   Code   RO         2364    i.CTRL_GetTargetRate  control.o
    0x080046f8   0x00000340   Code   RO         2365    i.CTRL_RateController  control.o
    0x08004a38   0x00000040   Code   RO         2368    i.CTRL_SetThrottle  control.o
    0x08004a78   0x00000440   Code   RO          688    i.CommTask          commtask.o
    0x08004eb8   0x00000080   Code   RO          689    i.CommTaskCreate    commtask.o
    0x08004f38   0x00000020   Code   RO         2048    i.Constraint_f      algorithm.o
    0x08004f58   0x00000016   Code   RO         2049    i.Constraint_int    algorithm.o
    0x08004f6e   0x00000002   PAD
    0x08004f70   0x000001ec   Code   RO          572    i.ControlTask       controltask.o
    0x0800515c   0x00000080   Code   RO          573    i.ControlTaskCreate  controltask.o
    0x080051dc   0x00000048   Code   RO         2053    i.DLPF              algorithm.o
    0x08005224   0x000000b4   Code   RO          472    i.DisplaySystemInfo  statechecktask.o
    0x080052d8   0x00000040   Code   RO          630    i.ESCCalibrateTask  esccalibratetask.o
    0x08005318   0x00000088   Code   RO          631    i.ESCCalibrateTaskCreate  esccalibratetask.o
    0x080053a0   0x0000000c   Code   RO         5933    i.EXTI_ClearITPendingBit  stm32f4xx_exti.o
    0x080053ac   0x00000018   Code   RO         5937    i.EXTI_GetITStatus  stm32f4xx_exti.o
    0x080053c4   0x00000094   Code   RO         5938    i.EXTI_Init         stm32f4xx_exti.o
    0x08005458   0x00000116   Code   RO         2054    i.EulerRoateVect    algorithm.o
    0x0800556e   0x00000090   Code   RO         6389    i.GPIO_Init         stm32f4xx_gpio.o
    0x080055fe   0x00000046   Code   RO         6390    i.GPIO_PinAFConfig  stm32f4xx_gpio.o
    0x08005644   0x00000012   Code   RO         6393    i.GPIO_ReadInputDataBit  stm32f4xx_gpio.o
    0x08005656   0x00000008   Code   RO         6394    i.GPIO_ReadOutputData  stm32f4xx_gpio.o
    0x0800565e   0x00000004   Code   RO         6396    i.GPIO_ResetBits    stm32f4xx_gpio.o
    0x08005662   0x00000004   Code   RO         6397    i.GPIO_SetBits      stm32f4xx_gpio.o
    0x08005666   0x00000002   PAD
    0x08005668   0x00000068   Code   RO          297    i.Get_dt            globalvariable.o
    0x080056d0   0x00000010   Code   RO         9316    i.I2C3_ER_IRQHandler  cpal_i2c_hal_stm32f4xx.o
    0x080056e0   0x00000010   Code   RO         9317    i.I2C3_EV_IRQHandler  cpal_i2c_hal_stm32f4xx.o
    0x080056f0   0x000000e8   Code   RO         6688    i.I2C_Init          stm32f4xx_i2c.o
    0x080057d8   0x000001b8   Code   RO         9216    i.I2C_MASTER_ADDR_Handle  cpal_i2c.o
    0x08005990   0x00000328   Code   RO         9217    i.I2C_MASTER_RXNE_Handle  cpal_i2c.o
    0x08005cb8   0x00000054   Code   RO         9218    i.I2C_MASTER_START_Handle  cpal_i2c.o
    0x08005d0c   0x00000134   Code   RO         9219    i.I2C_MASTER_TXE_Handle  cpal_i2c.o
    0x08005e40   0x00000050   Code   RO         2550    i.MPU6000_BrustRead  mpu6000.o
    0x08005e90   0x00000016   Code   RO         2551    i.MPU6000_Check     mpu6000.o
    0x08005ea6   0x00000002   PAD
    0x08005ea8   0x00000128   Code   RO         2553    i.MPU6000_Init      mpu6000.o
    0x08005fd0   0x000000a4   Code   RO         2555    i.MPU6000_Read      mpu6000.o
    0x08006074   0x00000040   Code   RO         2558    i.MPU6000_SingleRead  mpu6000.o
    0x080060b4   0x0000003c   Code   RO         2559    i.MPU6000_SingleWrite  mpu6000.o
    0x080060f0   0x0000000a   Code   RO         3088    i.Math_Init         lib_math.o
    0x080060fa   0x00000002   PAD
    0x080060fc   0x0000002c   Code   RO         3091    i.Math_RandSetSeed  lib_math.o
    0x08006128   0x00000012   Code   RO         3124    i.Mem_Clr           lib_mem.o
    0x0800613a   0x00000002   PAD
    0x0800613c   0x0000004c   Code   RO         3134    i.Mem_Init          lib_mem.o
    0x08006188   0x0000004a   Code   RO         3147    i.Mem_SegCreate     lib_mem.o
    0x080061d2   0x00000002   PAD
    0x080061d4   0x00000020   Code   RO         3148    i.Mem_SegCreateCritical  lib_mem.o
    0x080061f4   0x00000054   Code   RO         3151    i.Mem_Set           lib_mem.o
    0x08006248   0x0000003e   Code   RO         2410    i.Motor_Constraint  motor.o
    0x08006286   0x0000001e   Code   RO         2411    i.Motor_MaxThrust   motor.o
    0x080062a4   0x0000001e   Code   RO         2412    i.Motor_MinThrust   motor.o
    0x080062c2   0x00000002   PAD
    0x080062c4   0x00000230   Code   RO         2413    i.Motor_SetPWM      motor.o
    0x080064f4   0x00000078   Code   RO         4718    i.NVIC_Init         misc.o
    0x0800656c   0x00000014   Code   RO         4719    i.NVIC_PriorityGroupConfig  misc.o
    0x08006580   0x0000035c   Code   RO          749    i.NavigateTask      navigatetask.o
    0x080068dc   0x0000007c   Code   RO          750    i.NavigateTaskCreate  navigatetask.o
    0x08006958   0x00000002   Code   RO         3547    i.OSCfg_Init        os_cfg_app.o
    0x0800695a   0x00000002   PAD
    0x0800695c   0x00000014   Code   RO         3462    i.OSIdleTaskHook    os_cpu_c.o
    0x08006970   0x0000018c   Code   RO         3570    i.OSInit            os_core.o
    0x08006afc   0x00000028   Code   RO         3463    i.OSInitHook        os_cpu_c.o
    0x08006b24   0x0000002c   Code   RO         3571    i.OSIntEnter        os_core.o
    0x08006b50   0x000000dc   Code   RO         3572    i.OSIntExit         os_core.o
    0x08006c2c   0x000000c0   Code   RO         4015    i.OSMutexCreate     os_mutex.o
    0x08006cec   0x0000021c   Code   RO         4017    i.OSMutexPend       os_mutex.o
    0x08006f08   0x0000027c   Code   RO         4019    i.OSMutexPost       os_mutex.o
    0x08007184   0x000000a4   Code   RO         3573    i.OSSched           os_core.o
    0x08007228   0x00000074   Code   RO         3574    i.OSSchedLock       os_core.o
    0x0800729c   0x00000094   Code   RO         3577    i.OSSchedUnlock     os_core.o
    0x08007330   0x000000bc   Code   RO         4238    i.OSSemCreate       os_sem.o
    0x080073ec   0x000001e0   Code   RO         4240    i.OSSemPend         os_sem.o
    0x080075cc   0x00000098   Code   RO         4242    i.OSSemPost         os_sem.o
    0x08007664   0x00000068   Code   RO         3578    i.OSStart           os_core.o
    0x080076cc   0x00000138   Code   RO         4310    i.OSStatReset       os_stat.o
    0x08007804   0x000000f0   Code   RO         4311    i.OSStatTaskCPUUsageInit  os_stat.o
    0x080078f4   0x00000014   Code   RO         3464    i.OSStatTaskHook    os_cpu_c.o
    0x08007908   0x0000025c   Code   RO         4341    i.OSTaskCreate      os_task.o
    0x08007b64   0x00000018   Code   RO         3465    i.OSTaskCreateHook  os_cpu_c.o
    0x08007b7c   0x0000023c   Code   RO         4342    i.OSTaskDel         os_task.o
    0x08007db8   0x00000018   Code   RO         3466    i.OSTaskDelHook     os_cpu_c.o
    0x08007dd0   0x0000007c   Code   RO         4350    i.OSTaskResume      os_task.o
    0x08007e4c   0x00000018   Code   RO         3467    i.OSTaskReturnHook  os_cpu_c.o
    0x08007e64   0x00000214   Code   RO         4351    i.OSTaskSemPend     os_task.o
    0x08008078   0x000000d4   Code   RO         4355    i.OSTaskStkChk      os_task.o
    0x0800814c   0x000002c4   Code   RO         3468    i.OSTaskStkInit     os_cpu_c.o
    0x08008410   0x00000060   Code   RO         4356    i.OSTaskSuspend     os_task.o
    0x08008470   0x000000b8   Code   RO         3469    i.OSTaskSwHook      os_cpu_c.o
    0x08008528   0x0000010c   Code   RO         4566    i.OSTimeDly         os_time.o
    0x08008634   0x000001f4   Code   RO         4567    i.OSTimeDlyHMSM     os_time.o
    0x08008828   0x00000044   Code   RO         4571    i.OSTimeTick        os_time.o
    0x0800886c   0x00000014   Code   RO         3470    i.OSTimeTickHook    os_cpu_c.o
    0x08008880   0x00000038   Code   RO         3471    i.OS_CPU_SysTickHandler  os_cpu_c.o
    0x080088b8   0x00000030   Code   RO         3472    i.OS_CPU_SysTickInit  os_cpu_c.o
    0x080088e8   0x000001ac   Code   RO         3814    i.OS_Dbg_Init       os_dbg.o
    0x08008a94   0x00000018   Code   RO         3839    i.OS_FlagInit       os_flag.o
    0x08008aac   0x00000230   Code   RO         3840    i.OS_FlagPost       os_flag.o
    0x08008cdc   0x00000064   Code   RO         3841    i.OS_FlagTaskRdy    os_flag.o
    0x08008d40   0x00000044   Code   RO         3580    i.OS_IdleTask       os_core.o
    0x08008d84   0x00000070   Code   RO         3581    i.OS_IdleTaskInit   os_core.o
    0x08008df4   0x000000fc   Code   RO         3913    i.OS_IntQPost       os_int.o
    0x08008ef0   0x000001a4   Code   RO         3914    i.OS_IntQRePost     os_int.o
    0x08009094   0x000000b0   Code   RO         3915    i.OS_IntQTask       os_int.o
    0x08009144   0x00000128   Code   RO         3916    i.OS_IntQTaskInit   os_int.o
    0x0800926c   0x00000018   Code   RO         3947    i.OS_MemInit        os_mem.o
    0x08009284   0x0000007c   Code   RO         3979    i.OS_MsgPoolInit    os_msg.o
    0x08009300   0x00000044   Code   RO         3980    i.OS_MsgQFreeAll    os_msg.o
    0x08009344   0x0000000e   Code   RO         3982    i.OS_MsgQInit       os_msg.o
    0x08009352   0x00000002   PAD
    0x08009354   0x00000104   Code   RO         3983    i.OS_MsgQPut        os_msg.o
    0x08009458   0x00000030   Code   RO         4021    i.OS_MutexDbgListAdd  os_mutex.o
    0x08009488   0x00000008   Code   RO         4023    i.OS_MutexGrpAdd    os_mutex.o
    0x08009490   0x00000060   Code   RO         4024    i.OS_MutexGrpPostAll  os_mutex.o
    0x080094f0   0x0000002c   Code   RO         4025    i.OS_MutexGrpPrioFindHighest  os_mutex.o
    0x0800951c   0x0000001c   Code   RO         4026    i.OS_MutexGrpRemove  os_mutex.o
    0x08009538   0x00000018   Code   RO         4027    i.OS_MutexInit      os_mutex.o
    0x08009550   0x00000068   Code   RO         3582    i.OS_Pend           os_core.o
    0x080095b8   0x00000028   Code   RO         3585    i.OS_PendDataInit   os_core.o
    0x080095e0   0x0000005c   Code   RO         3586    i.OS_PendDbgNameAdd  os_core.o
    0x0800963c   0x00000024   Code   RO         3587    i.OS_PendDbgNameRemove  os_core.o
    0x08009660   0x0000003a   Code   RO         3588    i.OS_PendListChangePrio  os_core.o
    0x0800969a   0x0000000a   Code   RO         3589    i.OS_PendListInit   os_core.o
    0x080096a4   0x00000066   Code   RO         3591    i.OS_PendListInsertPrio  os_core.o
    0x0800970a   0x00000034   Code   RO         3592    i.OS_PendListRemove  os_core.o
    0x0800973e   0x00000042   Code   RO         3593    i.OS_PendListRemove1  os_core.o
    0x08009780   0x000000d6   Code   RO         3596    i.OS_Post           os_core.o
    0x08009856   0x0000002c   Code   RO         3597    i.OS_Post1          os_core.o
    0x08009882   0x00000002   PAD
    0x08009884   0x00000028   Code   RO         4129    i.OS_PrioGetHighest  os_prio.o
    0x080098ac   0x00000018   Code   RO         4130    i.OS_PrioInit       os_prio.o
    0x080098c4   0x00000024   Code   RO         4131    i.OS_PrioInsert     os_prio.o
    0x080098e8   0x00000024   Code   RO         4132    i.OS_PrioRemove     os_prio.o
    0x0800990c   0x00000018   Code   RO         4175    i.OS_QInit          os_q.o
    0x08009924   0x0000014c   Code   RO         4176    i.OS_QPost          os_q.o
    0x08009a70   0x00000024   Code   RO         3598    i.OS_RdyListInit    os_core.o
    0x08009a94   0x0000002c   Code   RO         3599    i.OS_RdyListInsert  os_core.o
    0x08009ac0   0x00000040   Code   RO         3600    i.OS_RdyListInsertHead  os_core.o
    0x08009b00   0x0000003c   Code   RO         3601    i.OS_RdyListInsertTail  os_core.o
    0x08009b3c   0x00000044   Code   RO         3602    i.OS_RdyListMoveHeadToTail  os_core.o
    0x08009b80   0x0000005c   Code   RO         3603    i.OS_RdyListRemove  os_core.o
    0x08009bdc   0x00000054   Code   RO         3604    i.OS_Sched0         os_core.o
    0x08009c30   0x0000001c   Code   RO         3605    i.OS_SchedLockTimeMeasStart  os_core.o
    0x08009c4c   0x0000003c   Code   RO         3606    i.OS_SchedLockTimeMeasStop  os_core.o
    0x08009c88   0x000000d0   Code   RO         3607    i.OS_SchedRoundRobin  os_core.o
    0x08009d58   0x00000030   Code   RO         4245    i.OS_SemDbgListAdd  os_sem.o
    0x08009d88   0x00000018   Code   RO         4247    i.OS_SemInit        os_sem.o
    0x08009da0   0x00000164   Code   RO         4248    i.OS_SemPost        os_sem.o
    0x08009f04   0x00000358   Code   RO         4312    i.OS_StatTask       os_stat.o
    0x0800a25c   0x000000cc   Code   RO         4313    i.OS_StatTaskInit   os_stat.o
    0x0800a328   0x0000002c   Code   RO         3608    i.OS_TaskBlock      os_core.o
    0x0800a354   0x000000ec   Code   RO         4358    i.OS_TaskChangePrio  os_task.o
    0x0800a440   0x00000030   Code   RO         4359    i.OS_TaskDbgListAdd  os_task.o
    0x0800a470   0x00000044   Code   RO         4360    i.OS_TaskDbgListRemove  os_task.o
    0x0800a4b4   0x00000020   Code   RO         4361    i.OS_TaskInit       os_task.o
    0x0800a4d4   0x000000cc   Code   RO         4362    i.OS_TaskInitTCB    os_task.o
    0x0800a5a0   0x0000020c   Code   RO         4363    i.OS_TaskQPost      os_task.o
    0x0800a7ac   0x00000140   Code   RO         4364    i.OS_TaskResume     os_task.o
    0x0800a8ec   0x00000018   Code   RO         4365    i.OS_TaskReturn     os_task.o
    0x0800a904   0x000004c4   Code   RO         4366    i.OS_TaskSemPost    os_task.o
    0x0800adc8   0x00000150   Code   RO         4367    i.OS_TaskSuspend    os_task.o
    0x0800af18   0x00000086   Code   RO         4514    i.OS_TickListInsert  os_tick.o
    0x0800af9e   0x00000002   PAD
    0x0800afa0   0x000000bc   Code   RO         4515    i.OS_TickListInsertDly  os_tick.o
    0x0800b05c   0x00000058   Code   RO         4516    i.OS_TickListRemove  os_tick.o
    0x0800b0b4   0x00000002   Code   RO         4517    i.OS_TickListResetPeak  os_tick.o
    0x0800b0b6   0x00000002   PAD
    0x0800b0b8   0x00000108   Code   RO         4518    i.OS_TickListUpdateDly  os_tick.o
    0x0800b1c0   0x00000184   Code   RO         4519    i.OS_TickListUpdateTimeout  os_tick.o
    0x0800b344   0x000000d4   Code   RO         4520    i.OS_TickTask       os_tick.o
    0x0800b418   0x000000c8   Code   RO         4521    i.OS_TickTaskInit   os_tick.o
    0x0800b4e0   0x00000134   Code   RO         4617    i.OS_TmrInit        os_tmr.o
    0x0800b614   0x00000018   Code   RO         4618    i.OS_TmrLock        os_tmr.o
    0x0800b62c   0x00000002   Code   RO         4619    i.OS_TmrResetPeak   os_tmr.o
    0x0800b62e   0x00000002   PAD
    0x0800b630   0x00000094   Code   RO         4620    i.OS_TmrTask        os_tmr.o
    0x0800b6c4   0x00000044   Code   RO         4621    i.OS_TmrUnlink      os_tmr.o
    0x0800b708   0x00000014   Code   RO         4622    i.OS_TmrUnlock      os_tmr.o
    0x0800b71c   0x00000548   Code   RO          719    i.PosControlTask    poscontroltask.o
    0x0800bc64   0x0000008c   Code   RO          720    i.PosControlTaskCreate  poscontroltask.o
    0x0800bcf0   0x000000e4   Code   RO          601    i.PrintfTask        serprinttask.o
    0x0800bdd4   0x00000078   Code   RO          602    i.PrintfTaskCreate  serprinttask.o
    0x0800be4c   0x00000020   Code   RO         7065    i.RCC_AHB1PeriphClockCmd  stm32f4xx_rcc.o
    0x0800be6c   0x00000020   Code   RO         7074    i.RCC_APB1PeriphClockCmd  stm32f4xx_rcc.o
    0x0800be8c   0x00000020   Code   RO         7076    i.RCC_APB1PeriphResetCmd  stm32f4xx_rcc.o
    0x0800beac   0x00000020   Code   RO         7077    i.RCC_APB2PeriphClockCmd  stm32f4xx_rcc.o
    0x0800becc   0x00000020   Code   RO         7079    i.RCC_APB2PeriphResetCmd  stm32f4xx_rcc.o
    0x0800beec   0x000000e4   Code   RO         7086    i.RCC_GetClocksFreq  stm32f4xx_rcc.o
    0x0800bfd0   0x0000039c   Code   RO          510    i.RCTask            rctask.o
    0x0800c36c   0x00000078   Code   RO          511    i.RCTaskCreate      rctask.o
    0x0800c3e4   0x00000028   Code   RO         1690    i.SPI1_RxTimeoutCallback  bsp_spi1.o
    0x0800c40c   0x00000028   Code   RO         1691    i.SPI1_TxTimeoutCallback  bsp_spi1.o
    0x0800c434   0x00000018   Code   RO         8023    i.SPI_CalculateCRC  stm32f4xx_spi.o
    0x0800c44c   0x00000018   Code   RO         8024    i.SPI_Cmd           stm32f4xx_spi.o
    0x0800c464   0x000000b0   Code   RO         8031    i.SPI_I2S_DeInit    stm32f4xx_spi.o
    0x0800c514   0x00000012   Code   RO         8032    i.SPI_I2S_GetFlagStatus  stm32f4xx_spi.o
    0x0800c526   0x00000006   Code   RO         8035    i.SPI_I2S_ReceiveData  stm32f4xx_spi.o
    0x0800c52c   0x00000004   Code   RO         8036    i.SPI_I2S_SendData  stm32f4xx_spi.o
    0x0800c530   0x0000003c   Code   RO         8037    i.SPI_Init          stm32f4xx_spi.o
    0x0800c56c   0x00000040   Code   RO         8188    i.SYSCFG_EXTILineConfig  stm32f4xx_syscfg.o
    0x0800c5ac   0x0000024c   Code   RO         2296    i.SensorUpdate_GetGyroAccRaw  sensor_update.o
    0x0800c7f8   0x00000460   Code   RO         2298    i.SensorUpdate_Init  sensor_update.o
    0x0800cc58   0x00000020   Code   RO         2299    i.SensorUpdate_SetAccGain  sensor_update.o
    0x0800cc78   0x00000020   Code   RO         2300    i.SensorUpdate_SetAccOffset  sensor_update.o
    0x0800cc98   0x00000038   Code   RO         2301    i.SensorUpdate_SetGyroOffset  sensor_update.o
    0x0800ccd0   0x00000020   Code   RO         2302    i.SensorUpdate_SetMagOffset  sensor_update.o
    0x0800ccf0   0x00000550   Code   RO         2303    i.SensorUpdate_UpdateAlignRotMat  sensor_update.o
    0x0800d240   0x000000ec   Code   RO         9059    i.SetSysClock       system_stm32f4xx.o
    0x0800d32c   0x000000e0   Code   RO          473    i.StateCheckTask    statechecktask.o
    0x0800d40c   0x00000088   Code   RO          474    i.StateCheckTaskCreate  statechecktask.o
    0x0800d494   0x00000068   Code   RO         9061    i.SystemInit        system_stm32f4xx.o
    0x0800d4fc   0x0000003a   Code   RO         8241    i.TI1_Config        stm32f4xx_tim.o
    0x0800d536   0x00000050   Code   RO         8242    i.TI2_Config        stm32f4xx_tim.o
    0x0800d586   0x00000048   Code   RO         8243    i.TI3_Config        stm32f4xx_tim.o
    0x0800d5ce   0x00000050   Code   RO         8244    i.TI4_Config        stm32f4xx_tim.o
    0x0800d61e   0x00000002   PAD
    0x0800d620   0x000000ec   Code   RO         1847    i.TIM1_ISR_Handler  bsp_pwm_in.o
    0x0800d70c   0x000001d4   Code   RO         1848    i.TIM2_ISR_Handler  bsp_pwm_in.o
    0x0800d8e0   0x000002a4   Code   RO         1849    i.TIM8_ISR_Handler  bsp_pwm_in.o
    0x0800db84   0x00000018   Code   RO         8245    i.TIM_ARRPreloadConfig  stm32f4xx_tim.o
    0x0800db9c   0x00000006   Code   RO         8252    i.TIM_ClearITPendingBit  stm32f4xx_tim.o
    0x0800dba2   0x00000018   Code   RO         8257    i.TIM_Cmd           stm32f4xx_tim.o
    0x0800dbba   0x00000006   Code   RO         8272    i.TIM_GetCapture1   stm32f4xx_tim.o
    0x0800dbc0   0x00000006   Code   RO         8273    i.TIM_GetCapture2   stm32f4xx_tim.o
    0x0800dbc6   0x00000006   Code   RO         8274    i.TIM_GetCapture3   stm32f4xx_tim.o
    0x0800dbcc   0x00000022   Code   RO         8278    i.TIM_GetITStatus   stm32f4xx_tim.o
    0x0800dbee   0x0000006e   Code   RO         8280    i.TIM_ICInit        stm32f4xx_tim.o
    0x0800dc5c   0x00000012   Code   RO         8282    i.TIM_ITConfig      stm32f4xx_tim.o
    0x0800dc6e   0x00000002   PAD
    0x0800dc70   0x0000007c   Code   RO         8286    i.TIM_OC1Init       stm32f4xx_tim.o
    0x0800dcec   0x00000012   Code   RO         8289    i.TIM_OC1PreloadConfig  stm32f4xx_tim.o
    0x0800dcfe   0x00000002   PAD
    0x0800dd00   0x000000a4   Code   RO         8291    i.TIM_OC2Init       stm32f4xx_tim.o
    0x0800dda4   0x0000001a   Code   RO         8294    i.TIM_OC2PreloadConfig  stm32f4xx_tim.o
    0x0800ddbe   0x00000002   PAD
    0x0800ddc0   0x000000a0   Code   RO         8296    i.TIM_OC3Init       stm32f4xx_tim.o
    0x0800de60   0x00000012   Code   RO         8299    i.TIM_OC3PreloadConfig  stm32f4xx_tim.o
    0x0800de72   0x00000002   PAD
    0x0800de74   0x00000078   Code   RO         8301    i.TIM_OC4Init       stm32f4xx_tim.o
    0x0800deec   0x0000001a   Code   RO         8303    i.TIM_OC4PreloadConfig  stm32f4xx_tim.o
    0x0800df06   0x00000004   Code   RO         8319    i.TIM_SetCompare1   stm32f4xx_tim.o
    0x0800df0a   0x00000004   Code   RO         8320    i.TIM_SetCompare2   stm32f4xx_tim.o
    0x0800df0e   0x00000004   Code   RO         8321    i.TIM_SetCompare3   stm32f4xx_tim.o
    0x0800df12   0x00000004   Code   RO         8322    i.TIM_SetCompare4   stm32f4xx_tim.o
    0x0800df16   0x00000012   Code   RO         8324    i.TIM_SetIC1Prescaler  stm32f4xx_tim.o
    0x0800df28   0x0000001a   Code   RO         8325    i.TIM_SetIC2Prescaler  stm32f4xx_tim.o
    0x0800df42   0x00000012   Code   RO         8326    i.TIM_SetIC3Prescaler  stm32f4xx_tim.o
    0x0800df54   0x0000001a   Code   RO         8327    i.TIM_SetIC4Prescaler  stm32f4xx_tim.o
    0x0800df6e   0x00000002   PAD
    0x0800df70   0x00000084   Code   RO         8329    i.TIM_TimeBaseInit  stm32f4xx_tim.o
    0x0800dff4   0x00000012   Code   RO         8330    i.TIM_TimeBaseStructInit  stm32f4xx_tim.o
    0x0800e006   0x00000012   Code   RO         8806    i.USART_ClearFlag   stm32f4xx_usart.o
    0x0800e018   0x0000001e   Code   RO         8807    i.USART_ClearITPendingBit  stm32f4xx_usart.o
    0x0800e036   0x00000020   Code   RO         8808    i.USART_ClockInit   stm32f4xx_usart.o
    0x0800e056   0x00000018   Code   RO         8810    i.USART_Cmd         stm32f4xx_usart.o
    0x0800e06e   0x0000001a   Code   RO         8813    i.USART_GetFlagStatus  stm32f4xx_usart.o
    0x0800e088   0x0000004a   Code   RO         8816    i.USART_ITConfig    stm32f4xx_usart.o
    0x0800e0d2   0x00000002   PAD
    0x0800e0d4   0x000000d4   Code   RO         8817    i.USART_Init        stm32f4xx_usart.o
    0x0800e1a8   0x0000000a   Code   RO         8824    i.USART_ReceiveData  stm32f4xx_usart.o
    0x0800e1b2   0x00000008   Code   RO         8827    i.USART_SendData    stm32f4xx_usart.o
    0x0800e1ba   0x0000004c   Code   RO         2070    i.VectAdd           algorithm.o
    0x0800e206   0x0000001a   Code   RO         2071    i.VectCopy          algorithm.o
    0x0800e220   0x00000026   Code   RO         2075    i.VectScale         algorithm.o
    0x0800e246   0x00000002   PAD
    0x0800e248   0x00000048   Code   RO         2078    i.WarpToPI          algorithm.o
    0x0800e290   0x00000024   Code   RO         9559    i.__0vsnprintf      mc_w.l(printfa.o)
    0x0800e2b4   0x00000030   Code   RO         9622    i.__ARM_fpclassify  m_wm.l(fpclassify.o)
    0x0800e2e4   0x00000026   Code   RO         9624    i.__ARM_fpclassifyf  m_wm.l(fpclassifyf.o)
    0x0800e30a   0x00000002   PAD
    0x0800e30c   0x0000012c   Code   RO         9402    i.__hardfp_asinf    m_wm.l(asinf.o)
    0x0800e438   0x000002d8   Code   RO         9414    i.__hardfp_atan     m_wm.l(atan.o)
    0x0800e710   0x00000250   Code   RO         9440    i.__hardfp_atan2f   m_wm.l(atan2f.o)
    0x0800e960   0x000000c8   Code   RO         9452    i.__hardfp_cos      m_wm.l(cos.o)
    0x0800ea28   0x00000150   Code   RO         9464    i.__hardfp_cosf     m_wm.l(cosf.o)
    0x0800eb78   0x00000014   Code   RO         9476    i.__hardfp_fabs     m_wm.l(fabs.o)
    0x0800eb8c   0x00000004   PAD
    0x0800eb90   0x000000c8   Code   RO         9496    i.__hardfp_sin      m_wm.l(sin.o)
    0x0800ec58   0x00000190   Code   RO         9508    i.__hardfp_sinf     m_wm.l(sinf.o)
    0x0800ede8   0x0000007a   Code   RO         9520    i.__hardfp_sqrt     m_wm.l(sqrt.o)
    0x0800ee62   0x0000003a   Code   RO         9532    i.__hardfp_sqrtf    m_wm.l(sqrtf.o)
    0x0800ee9c   0x00000004   PAD
    0x0800eea0   0x00000438   Code   RO         9643    i.__ieee754_rem_pio2  m_wm.l(rred.o)
    0x0800f2d8   0x00000170   Code   RO         9605    i.__kernel_cos      m_wm.l(cos_i.o)
    0x0800f448   0x000000f8   Code   RO         9640    i.__kernel_poly     m_wm.l(poly.o)
    0x0800f540   0x00000130   Code   RO         9651    i.__kernel_sin      m_wm.l(sin_i.o)
    0x0800f670   0x00000014   Code   RO         9609    i.__mathlib_dbl_infnan  m_wm.l(dunder.o)
    0x0800f684   0x00000004   PAD
    0x0800f688   0x00000020   Code   RO         9611    i.__mathlib_dbl_invalid  m_wm.l(dunder.o)
    0x0800f6a8   0x00000020   Code   RO         9614    i.__mathlib_dbl_underflow  m_wm.l(dunder.o)
    0x0800f6c8   0x00000006   Code   RO         9627    i.__mathlib_flt_infnan  m_wm.l(funder.o)
    0x0800f6ce   0x00000006   Code   RO         9628    i.__mathlib_flt_infnan2  m_wm.l(funder.o)
    0x0800f6d4   0x00000010   Code   RO         9629    i.__mathlib_flt_invalid  m_wm.l(funder.o)
    0x0800f6e4   0x00000010   Code   RO         9632    i.__mathlib_flt_underflow  m_wm.l(funder.o)
    0x0800f6f4   0x00000154   Code   RO         9648    i.__mathlib_rredf2  m_wm.l(rredf.o)
    0x0800f848   0x0000000e   Code   RO         9706    i.__scatterload_copy  mc_w.l(handlers.o)
    0x0800f856   0x00000002   Code   RO         9707    i.__scatterload_null  mc_w.l(handlers.o)
    0x0800f858   0x0000000e   Code   RO         9708    i.__scatterload_zeroinit  mc_w.l(handlers.o)
    0x0800f866   0x00000002   PAD
    0x0800f868   0x0000000c   Code   RO         9684    i.__set_errno       mc_w.l(errno.o)
    0x0800f874   0x00000164   Code   RO         9561    i._fp_digits        mc_w.l(printfa.o)
    0x0800f9d8   0x000006dc   Code   RO         9562    i._printf_core      mc_w.l(printfa.o)
    0x080100b4   0x00000024   Code   RO         9563    i._printf_post_padding  mc_w.l(printfa.o)
    0x080100d8   0x0000002e   Code   RO         9564    i._printf_pre_padding  mc_w.l(printfa.o)
    0x08010106   0x00000016   Code   RO         9565    i._snputc           mc_w.l(printfa.o)
    0x0801011c   0x00000128   Code   RO         9096    i.arm_cos_f32       arm_cos_f32.o
    0x08010244   0x00000128   Code   RO         9124    i.arm_sin_f32       arm_sin_f32.o
    0x0801036c   0x0000004c   Code   RO         2082    i.checksum          algorithm.o
    0x080103b8   0x00000018   Code   RO         9478    i.fabs              m_wm.l(fabs.o)
    0x080103d0   0x00000078   Code   RO          430    i.main              app.o
    0x08010448   0x00000124   Code   RO         2455    i.rc_GetTarget      rc.o
    0x0801056c   0x0000003e   Code   RO         9534    i.sqrtf             m_wm.l(sqrtf.o)
    0x080105aa   0x00000002   PAD
    0x080105ac   0x00000024   Data   RO          545    .constdata          attitudetask.o
    0x080105d0   0x0000000c   Data   RO          691    .constdata          commtask.o
    0x080105dc   0x000052d4   Data   RO          752    .constdata          navigatetask.o
    0x080158b0   0x00000030   Data   RO         2370    .constdata          control.o
    0x080158e0   0x00000094   Data   RO         3549    .constdata          os_cfg_app.o
    0x08015974   0x0000016c   Data   RO         3815    .constdata          os_dbg.o
    0x08015ae0   0x00000410   Data   RO         9097    .constdata          arm_cos_f32.o
    0x08015ef0   0x0000040c   Data   RO         9125    .constdata          arm_sin_f32.o
    0x080162fc   0x000000dc   Data   RO         9319    .constdata          cpal_i2c_hal_stm32f4xx.o
    0x080163d8   0x00000098   Data   RO         9417    .constdata          m_wm.l(atan.o)
    0x08016470   0x00000030   Data   RO         9606    .constdata          m_wm.l(cos_i.o)
    0x080164a0   0x000000c8   Data   RO         9645    .constdata          m_wm.l(rred.o)
    0x08016568   0x00000020   Data   RO         9649    .constdata          m_wm.l(rredf.o)
    0x08016588   0x00000028   Data   RO         9652    .constdata          m_wm.l(sin_i.o)
    0x080165b0   0x00000020   Data   RO         9704    Region$$Table       anon$$obj.o


    Execution Region RW_IRAM1 (Base: 0x20000000, Size: 0x0000ebf8, Max: 0x00020000, ABSOLUTE, COMPRESSED[0x000000a0])

    Base Addr    Size         Type   Attr      Idx    E Section Name        Object

    0x20000000   0x0000005e   Data   RW          299    .data               globalvariable.o
    0x2000005e   0x00000002   PAD
    0x20000060   0x00000024   Data   RW          722    .data               poscontroltask.o
    0x20000084   0x00000004   Data   RW          799    .data               bsp.o
    0x20000088   0x00000001   Data   RW         1555    .data               bsp_ser.o
    0x20000089   0x00000003   PAD
    0x2000008c   0x0000009c   Data   RW         1851    .data               bsp_pwm_in.o
    0x20000128   0x00000005   Data   RW         1906    .data               bsp_usart2.o
    0x2000012d   0x00000003   PAD
    0x20000130   0x00000040   Data   RW         2306    .data               sensor_update.o
    0x20000170   0x00000024   Data   RW         2483    .data               cordic.o
    0x20000194   0x00000024   Data   RW         2535    .data               sys_params.o
    0x200001b8   0x00000004   Data   RW         2827    .data               cpu_core.o
    0x200001bc   0x00000004   Data   RW         3092    .data               lib_math.o
    0x200001c0   0x00000004   Data   RW         3153    .data               lib_mem.o
    0x200001c4   0x00000004   Data   RW         3473    .data               os_cpu_c.o
    0x200001c8   0x00000008   Data   RW         4133    .data               os_prio.o
    0x200001d0   0x000000e0   Data   RW         4703    .data               os_var.o
    0x200002b0   0x00000010   Data   RW         7118    .data               stm32f4xx_rcc.o
    0x200002c0   0x00000094   Data   RW         9320    .data               cpal_i2c_hal_stm32f4xx.o
    0x20000354   0x00000004   Data   RW         9685    .data               mc_w.l(errno.o)
    0x20000358   0x00000138   Zero   RW          298    .bss                globalvariable.o
    0x20000490   0x000008c8   Zero   RW          431    .bss                app.o
    0x20000d58   0x000008c8   Zero   RW          475    .bss                statechecktask.o
    0x20001620   0x000008c8   Zero   RW          512    .bss                rctask.o
    0x20001ee8   0x00000aa8   Zero   RW          544    .bss                attitudetask.o
    0x20002990   0x000008c8   Zero   RW          574    .bss                controltask.o
    0x20003258   0x000008c8   Zero   RW          603    .bss                serprinttask.o
    0x20003b20   0x000008c8   Zero   RW          632    .bss                esccalibratetask.o
    0x200043e8   0x000004c8   Zero   RW          661    .bss                acccalibratetask.o
    0x200048b0   0x000008c8   Zero   RW          690    .bss                commtask.o
    0x20005178   0x000008c8   Zero   RW          721    .bss                poscontroltask.o
    0x20005a40   0x000008c8   Zero   RW          751    .bss                navigatetask.o
    0x20006308   0x0000016c   Zero   RW          999    .bss                bsp_int.o
    0x20006474   0x00000078   Zero   RW         1554    .bss                bsp_ser.o
    0x200064ec   0x00000080   Zero   RW         1692    .bss                bsp_spi1.o
    0x2000656c   0x000000a0   Zero   RW         1738    .bss                bsp_iic3.o
    0x2000660c   0x00000028   Zero   RW         1850    .bss                bsp_pwm_in.o
    0x20006634   0x0000008d   Zero   RW         1905    .bss                bsp_usart2.o
    0x200066c1   0x00000003   PAD
    0x200066c4   0x000000a0   Zero   RW         1943    .bss                bsp_iic2.o
    0x20006764   0x00000024   Zero   RW         2304    .bss                sensor_update.o
    0x20006788   0x0000003c   Zero   RW         2369    .bss                control.o
    0x200067c4   0x00000064   Zero   RW         2482    .bss                cordic.o
    0x20006828   0x00000028   Zero   RW         2560    .bss                mpu6000.o
    0x20006850   0x00000010   Zero   RW         2825    .bss                cpu_core.o
    0x20006860   0x00000c14   Zero   RW         3152    .bss                lib_mem.o
    0x20007474   0x00001050   Zero   RW         3548    .bss                os_cfg_app.o
    0x200084c4   0x00000724   Zero   RW         4702    .bss                os_var.o
    0x20008be8   0x00000010   Zero   RW         9220    .bss                cpal_i2c.o
    0x20008bf8   0x00006000   Zero   RW          780    STACK               cstartup.o


==============================================================================

Image component sizes


      Code (inc. data)   RO Data    RW Data    ZI Data      Debug   Object Name

      1764        280          0          0       1224       2486   acccalibratetask.o
       692         22          0          0          0       6247   algorithm.o
       552        216          0          0       2248       2837   app.o
       296         18       1040          0          0       1902   arm_cos_f32.o
       296         18       1036          0          0       1902   arm_sin_f32.o
      2456        160         36          0       2728       3734   attitudetask.o
       630         48          0          4          0      34066   bsp.o
         0          0          0          0        160        426   bsp_iic2.o
       220         74          0          0        160       4190   bsp_iic3.o
      1158         16          0          0        364      50674   bsp_int.o
       296         12          0          0          0       5235   bsp_os.o
       432         94          0          0          0        627   bsp_periph.o
       436         46          0          0          0       2547   bsp_pwm.o
       240         48          0          0          0       2323   bsp_pwm2.o
      2328        342          0        156         40      18302   bsp_pwm_in.o
       638        100          0          1        120       4284   bsp_ser.o
       416        112          0          0        128       2708   bsp_spi1.o
       524         92          0          5        141       2066   bsp_usart2.o
      1216        124         12          0       2248       2579   commtask.o
      1284         68         48          0         60       2894   control.o
       620        110          0          0       2248       2023   controltask.o
       516         74          0         36        100       1622   cordic.o
        12          0          0          0          0        540   cpal_hal.o
      3074         58          0          0         16       9911   cpal_i2c.o
       512        106        220        148          0      10145   cpal_i2c_hal_stm32f4xx.o
       468         84          0          0          0       2790   cpal_usercallback.o
        52          0          0          0          0        348   cpu_a.o
      1168         62          0          0          0       2623   cpu_c.o
       116         18          0          4         16       5635   cpu_core.o
        72         18        428          0      24576        716   cstartup.o
       200         78          0          0       2248       1790   esccalibratetask.o
       104          6          0         94        312     314738   globalvariable.o
        54          4          0          4          0       2162   lib_math.o
       284         26          0          4       3092      15257   lib_mem.o
       140         24          0          0          0      18683   misc.o
       682         20          0          0          0       2830   motor.o
       722         76          0          0         40       5070   mpu6000.o
       984        104      21204          0       2248       2607   navigatetask.o
       152         56          0          0          0      60543   os_app_hooks.o
         2          0        148          0       4176      21383   os_cfg_app.o
      2978        404          0          0          0      40268   os_core.o
       268         14          0          0          0        440   os_cpu_a.o
      1168        168          0          4          0      28343   os_cpu_c.o
       428        280        364          0          0       4785   os_dbg.o
       684         26          0          0          0       3101   os_flag.o
      1144        202          0          0          0       3554   os_int.o
        24         10          0          0          0        909   os_mem.o
       466         26          0          0          0       3365   os_msg.o
      1616         82          0          0          0       7415   os_mutex.o
       136         16          0          8          0       2986   os_prio.o
       356         18          0          0          0       2190   os_q.o
      1248         68          0          0          0       5711   os_sem.o
      1612        206          0          0          0       4051   os_stat.o
      5152        278          0          0          0      14664   os_task.o
      1476        110          0          0          0       6586   os_tick.o
       836         42          0          0          0       3077   os_time.o
       570        142          0          0          0       4155   os_tmr.o
         0          0          0        224       1828      19280   os_var.o
      1492        196          0         36       2248       2614   poscontroltask.o
       292         20          0          0          0       1223   rc.o
      1044        118          0          0       2248       2580   rctask.o
      3220        406          0         64         36       6559   sensor_update.o
       348        128          0          0       2248       1736   serprinttask.o
       540        222          0          0       2248       2484   statechecktask.o
       184         16          0          0          0       4632   stm32f4xx_exti.o
       248          0          0          0          0      11293   stm32f4xx_gpio.o
       232         14          0          0          0       9399   stm32f4xx_i2c.o
       388         44          0         16          0      21349   stm32f4xx_rcc.o
       312         24          0          0          0      13126   stm32f4xx_spi.o
        64          4          0          0          0        676   stm32f4xx_syscfg.o
      1434         66          0          0          0      40341   stm32f4xx_tim.o
       434          8          0          0          0      12811   stm32f4xx_usart.o
         0          0          0         36          0        687   sys_params.o
       340         32          0          0          0       1841   system_stm32f4xx.o

    ----------------------------------------------------------------------
     56600       6204      24568        852      59552     921676   Object Totals
         0          0         32          0          0          0   (incl. Generated)
        58          0          0          8          3          0   (incl. Padding)

    ----------------------------------------------------------------------

      Code (inc. data)   RO Data    RW Data    ZI Data      Debug   Library Member Name

       300         42          0          0          0        176   asinf.o
       728        106        152          0          0        228   atan.o
       592         90          0          0          0        184   atan2f.o
       200         20          0          0          0        164   cos.o
       368         46         48          0          0        200   cos_i.o
       336         56          0          0          0        136   cosf.o
        84         16          0          0          0        372   dunder.o
        44          0          0          0          0        248   fabs.o
        48          0          0          0          0        124   fpclassify.o
        38          0          0          0          0        116   fpclassifyf.o
        44         12          0          0          0        464   funder.o
       248          0          0          0          0        152   poly.o
      1080        142        200          0          0        188   rred.o
       340         24         32          0          0        160   rredf.o
       200         20          0          0          0        164   sin.o
       304         24         40          0          0        208   sin_i.o
       400         56          0          0          0        212   sinf.o
       122          0          0          0          0        148   sqrt.o
       120          0          0          0          0        272   sqrtf.o
        86          0          0          0          0          0   __dczerorl2.o
         0          0          0          0          0          0   entry.o
         0          0          0          0          0          0   entry10a.o
         0          0          0          0          0          0   entry11a.o
         8          4          0          0          0          0   entry2.o
         4          0          0          0          0          0   entry5.o
         0          0          0          0          0          0   entry7b.o
         0          0          0          0          0          0   entry8b.o
         8          4          0          0          0          0   entry9a.o
        12          6          0          4          0         68   errno.o
        30          0          0          0          0          0   handlers.o
        36          8          0          0          0         68   init.o
         0          0          0          0          0          0   iusefp.o
        30          0          0          0          0         68   llshl.o
        36          0          0          0          0         68   llsshr.o
        32          0          0          0          0         68   llushr.o
        36          0          0          0          0         68   memcpya.o
      2252         84          0          0          0        508   printfa.o
        44          0          0          0          0         80   uidiv.o
        98          0          0          0          0         92   uldiv.o
        48          0          0          0          0         68   cdcmple.o
        48          0          0          0          0         68   cdrcmple.o
        56          0          0          0          0         88   d2f.o
       334          0          0          0          0        148   dadd.o
       222          0          0          0          0        100   ddiv.o
       186          0          0          0          0        176   depilogue.o
        62          0          0          0          0         80   dfixi.o
        48          0          0          0          0         68   dfixul.o
        34          0          0          0          0         76   dflti.o
        26          0          0          0          0         76   dfltui.o
       228          0          0          0          0         96   dmul.o
       162          0          0          0          0        100   dsqrt.o
        38          0          0          0          0         68   f2d.o
       110          0          0          0          0        168   fepilogue.o
        28          0          0          0          0         84   ffltul.o

    ----------------------------------------------------------------------
      9960        760        472          4          0       6468   Library Totals
        22          0          0          0          0          0   (incl. Padding)

    ----------------------------------------------------------------------

      Code (inc. data)   RO Data    RW Data    ZI Data      Debug   Library Name

      5596        654        472          0          0       3916   m_wm.l
      2712        106          0          4          0       1088   mc_w.l
      1630          0          0          0          0       1464   mf_w.l

    ----------------------------------------------------------------------
      9960        760        472          4          0       6468   Library Totals

    ----------------------------------------------------------------------

==============================================================================


      Code (inc. data)   RO Data    RW Data    ZI Data      Debug   

     66560       6964      25040        856      59552     882376   Grand Totals
     66560       6964      25040        160      59552     882376   ELF Image Totals (compressed)
     66560       6964      25040        160          0          0   ROM Totals

==============================================================================

    Total RO  Size (Code + RO Data)                91600 (  89.45kB)
    Total RW  Size (RW Data + ZI Data)             60408 (  58.99kB)
    Total ROM Size (Code + RO Data + RW Data)      91760 (  89.61kB)

==============================================================================

